Archive member included to satisfy reference by file (symbol)

E:/tool/arm/arm-gnu-toolchain-14.3.rel1-mingw-w64-i686-arm-none-eabi/bin/../lib/gcc/arm-none-eabi/14.3.1/../../../../arm-none-eabi/lib/thumb/v7-m/nofp\libm.a(libm_a-s_sin.o)
                              CMakeFiles/project.dir/forder/task.c.obj (sin)
E:/tool/arm/arm-gnu-toolchain-14.3.rel1-mingw-w64-i686-arm-none-eabi/bin/../lib/gcc/arm-none-eabi/14.3.1/../../../../arm-none-eabi/lib/thumb/v7-m/nofp\libm.a(libm_a-k_cos.o)
                              E:/tool/arm/arm-gnu-toolchain-14.3.rel1-mingw-w64-i686-arm-none-eabi/bin/../lib/gcc/arm-none-eabi/14.3.1/../../../../arm-none-eabi/lib/thumb/v7-m/nofp\libm.a(libm_a-s_sin.o) (__kernel_cos)
E:/tool/arm/arm-gnu-toolchain-14.3.rel1-mingw-w64-i686-arm-none-eabi/bin/../lib/gcc/arm-none-eabi/14.3.1/../../../../arm-none-eabi/lib/thumb/v7-m/nofp\libm.a(libm_a-k_sin.o)
                              E:/tool/arm/arm-gnu-toolchain-14.3.rel1-mingw-w64-i686-arm-none-eabi/bin/../lib/gcc/arm-none-eabi/14.3.1/../../../../arm-none-eabi/lib/thumb/v7-m/nofp\libm.a(libm_a-s_sin.o) (__kernel_sin)
E:/tool/arm/arm-gnu-toolchain-14.3.rel1-mingw-w64-i686-arm-none-eabi/bin/../lib/gcc/arm-none-eabi/14.3.1/../../../../arm-none-eabi/lib/thumb/v7-m/nofp\libm.a(libm_a-e_rem_pio2.o)
                              E:/tool/arm/arm-gnu-toolchain-14.3.rel1-mingw-w64-i686-arm-none-eabi/bin/../lib/gcc/arm-none-eabi/14.3.1/../../../../arm-none-eabi/lib/thumb/v7-m/nofp\libm.a(libm_a-s_sin.o) (__ieee754_rem_pio2)
E:/tool/arm/arm-gnu-toolchain-14.3.rel1-mingw-w64-i686-arm-none-eabi/bin/../lib/gcc/arm-none-eabi/14.3.1/../../../../arm-none-eabi/lib/thumb/v7-m/nofp\libm.a(libm_a-s_fabs.o)
                              E:/tool/arm/arm-gnu-toolchain-14.3.rel1-mingw-w64-i686-arm-none-eabi/bin/../lib/gcc/arm-none-eabi/14.3.1/../../../../arm-none-eabi/lib/thumb/v7-m/nofp\libm.a(libm_a-e_rem_pio2.o) (fabs)
E:/tool/arm/arm-gnu-toolchain-14.3.rel1-mingw-w64-i686-arm-none-eabi/bin/../lib/gcc/arm-none-eabi/14.3.1/../../../../arm-none-eabi/lib/thumb/v7-m/nofp\libm.a(libm_a-k_rem_pio2.o)
                              E:/tool/arm/arm-gnu-toolchain-14.3.rel1-mingw-w64-i686-arm-none-eabi/bin/../lib/gcc/arm-none-eabi/14.3.1/../../../../arm-none-eabi/lib/thumb/v7-m/nofp\libm.a(libm_a-e_rem_pio2.o) (__kernel_rem_pio2)
E:/tool/arm/arm-gnu-toolchain-14.3.rel1-mingw-w64-i686-arm-none-eabi/bin/../lib/gcc/arm-none-eabi/14.3.1/../../../../arm-none-eabi/lib/thumb/v7-m/nofp\libm.a(libm_a-s_scalbn.o)
                              E:/tool/arm/arm-gnu-toolchain-14.3.rel1-mingw-w64-i686-arm-none-eabi/bin/../lib/gcc/arm-none-eabi/14.3.1/../../../../arm-none-eabi/lib/thumb/v7-m/nofp\libm.a(libm_a-k_rem_pio2.o) (scalbn)
E:/tool/arm/arm-gnu-toolchain-14.3.rel1-mingw-w64-i686-arm-none-eabi/bin/../lib/gcc/arm-none-eabi/14.3.1/../../../../arm-none-eabi/lib/thumb/v7-m/nofp\libm.a(libm_a-s_floor.o)
                              E:/tool/arm/arm-gnu-toolchain-14.3.rel1-mingw-w64-i686-arm-none-eabi/bin/../lib/gcc/arm-none-eabi/14.3.1/../../../../arm-none-eabi/lib/thumb/v7-m/nofp\libm.a(libm_a-k_rem_pio2.o) (floor)
E:/tool/arm/arm-gnu-toolchain-14.3.rel1-mingw-w64-i686-arm-none-eabi/bin/../lib/gcc/arm-none-eabi/14.3.1/thumb/v7-m/nofp\libgcc.a(_arm_muldf3.o)
                              CMakeFiles/project.dir/forder/task.c.obj (__aeabi_dmul)
E:/tool/arm/arm-gnu-toolchain-14.3.rel1-mingw-w64-i686-arm-none-eabi/bin/../lib/gcc/arm-none-eabi/14.3.1/thumb/v7-m/nofp\libgcc.a(_arm_addsubdf3.o)
                              E:/tool/arm/arm-gnu-toolchain-14.3.rel1-mingw-w64-i686-arm-none-eabi/bin/../lib/gcc/arm-none-eabi/14.3.1/../../../../arm-none-eabi/lib/thumb/v7-m/nofp\libm.a(libm_a-s_sin.o) (__aeabi_dsub)
E:/tool/arm/arm-gnu-toolchain-14.3.rel1-mingw-w64-i686-arm-none-eabi/bin/../lib/gcc/arm-none-eabi/14.3.1/thumb/v7-m/nofp\libgcc.a(_arm_cmpdf2.o)
                              E:/tool/arm/arm-gnu-toolchain-14.3.rel1-mingw-w64-i686-arm-none-eabi/bin/../lib/gcc/arm-none-eabi/14.3.1/../../../../arm-none-eabi/lib/thumb/v7-m/nofp\libm.a(libm_a-e_rem_pio2.o) (__aeabi_dcmpeq)
E:/tool/arm/arm-gnu-toolchain-14.3.rel1-mingw-w64-i686-arm-none-eabi/bin/../lib/gcc/arm-none-eabi/14.3.1/thumb/v7-m/nofp\libgcc.a(_arm_fixdfsi.o)
                              E:/tool/arm/arm-gnu-toolchain-14.3.rel1-mingw-w64-i686-arm-none-eabi/bin/../lib/gcc/arm-none-eabi/14.3.1/../../../../arm-none-eabi/lib/thumb/v7-m/nofp\libm.a(libm_a-k_cos.o) (__aeabi_d2iz)
E:/tool/arm/arm-gnu-toolchain-14.3.rel1-mingw-w64-i686-arm-none-eabi/bin/../lib/gcc/arm-none-eabi/14.3.1/thumb/v7-m/nofp\libgcc.a(_arm_truncdfsf2.o)
                              CMakeFiles/project.dir/forder/task.c.obj (__aeabi_d2f)
E:/tool/arm/arm-gnu-toolchain-14.3.rel1-mingw-w64-i686-arm-none-eabi/bin/../lib/gcc/arm-none-eabi/14.3.1/thumb/v7-m/nofp\libgcc.a(_arm_addsubsf3.o)
                              CMakeFiles/project.dir/forder/task.c.obj (__aeabi_fsub)
[...]
Memory Configuration

Name             Origin             Length             Attributes
RAM              0x20000000         0x00005000         xrw
FLASH            0x08000000         0x00010000         xr
*default*        0x00000000         0xffffffff

Linker script and memory map

LOAD E:/tool/arm/arm-gnu-toolchain-14.3.rel1-mingw-w64-i686-arm-none-eabi/bin/../lib/gcc/arm-none-eabi/14.3.1/thumb/v7-m/nofp/crti.o
LOAD E:/tool/arm/arm-gnu-toolchain-14.3.rel1-mingw-w64-i686-arm-none-eabi/bin/../lib/gcc/arm-none-eabi/14.3.1/thumb/v7-m/nofp/crtbegin.o
LOAD E:/tool/arm/arm-gnu-toolchain-14.3.rel1-mingw-w64-i686-arm-none-eabi/bin/../lib/gcc/arm-none-eabi/14.3.1/../../../../arm-none-eabi/lib/thumb/v7-m/nofp/crt0.o
LOAD cmake/stm32cubemx/CMakeFiles/STM32_Drivers.dir/__/__/Core/Src/system_stm32f1xx.c.obj
LOAD cmake/stm32cubemx/CMakeFiles/STM32_Drivers.dir/__/__/Drivers/STM32F1xx_HAL_Driver/Src/stm32f1xx_hal_gpio_ex.c.obj
LOAD cmake/stm32cubemx/CMakeFiles/STM32_Drivers.dir/__/__/Drivers/STM32F1xx_HAL_Driver/Src/stm32f1xx_hal_tim.c.obj
LOAD cmake/stm32cubemx/CMakeFiles/STM32_Drivers.dir/__/__/Drivers/STM32F1xx_HAL_Driver/Src/stm32f1xx_hal_tim_ex.c.obj
LOAD cmake/stm32cubemx/CMakeFiles/STM32_Drivers.dir/__/__/Drivers/STM32F1xx_HAL_Driver/Src/stm32f1xx_hal.c.obj
LOAD cmake/stm32cubemx/CMakeFiles/STM32_Drivers.dir/__/__/Drivers/STM32F1xx_HAL_Driver/Src/stm32f1xx_hal_rcc.c.obj
LOAD cmake/stm32cubemx/CMakeFiles/STM32_Drivers.dir/__/__/Drivers/STM32F1xx_HAL_Driver/Src/stm32f1xx_hal_rcc_ex.c.obj
LOAD cmake/stm32cubemx/CMakeFiles/STM32_Drivers.dir/__/__/Drivers/STM32F1xx_HAL_Driver/Src/stm32f1xx_hal_gpio.c.obj
LOAD cmake/stm32cubemx/CMakeFiles/STM32_Drivers.dir/__/__/Drivers/STM32F1xx_HAL_Driver/Src/stm32f1xx_hal_dma.c.obj
LOAD cmake/stm32cubemx/CMakeFiles/STM32_Drivers.dir/__/__/Drivers/STM32F1xx_HAL_Driver/Src/stm32f1xx_hal_cortex.c.obj
LOAD cmake/stm32cubemx/CMakeFiles/STM32_Drivers.dir/__/__/Drivers/STM32F1xx_HAL_Driver/Src/stm32f1xx_hal_pwr.c.obj
LOAD cmake/stm32cubemx/CMakeFiles/STM32_Drivers.dir/__/__/Drivers/STM32F1xx_HAL_Driver/Src/stm32f1xx_hal_flash.c.obj
LOAD cmake/stm32cubemx/CMakeFiles/STM32_Drivers.dir/__/__/Drivers/STM32F1xx_HAL_Driver/Src/stm32f1xx_hal_flash_ex.c.obj
LOAD cmake/stm32cubemx/CMakeFiles/STM32_Drivers.dir/__/__/Drivers/STM32F1xx_HAL_Driver/Src/stm32f1xx_hal_exti.c.obj
LOAD cmake/stm32cubemx/CMakeFiles/STM32_Drivers.dir/__/__/Drivers/STM32F1xx_HAL_Driver/Src/stm32f1xx_hal_uart.c.obj
LOAD CMakeFiles/project.dir/Core/Src/dma.c.obj
LOAD CMakeFiles/project.dir/Core/Src/gpio.c.obj
LOAD CMakeFiles/project.dir/Core/Src/main.c.obj
LOAD CMakeFiles/project.dir/Core/Src/stm32f1xx_hal_msp.c.obj
LOAD CMakeFiles/project.dir/Core/Src/stm32f1xx_it.c.obj
LOAD CMakeFiles/project.dir/Core/Src/syscalls.c.obj
LOAD CMakeFiles/project.dir/Core/Src/sysmem.c.obj
LOAD CMakeFiles/project.dir/Core/Src/tim.c.obj
LOAD CMakeFiles/project.dir/Core/Src/usart.c.obj
LOAD CMakeFiles/project.dir/forder/task.c.obj
LOAD CMakeFiles/project.dir/startup_stm32f103xb.s.obj
LOAD E:/tool/arm/arm-gnu-toolchain-14.3.rel1-mingw-w64-i686-arm-none-eabi/bin/../lib/gcc/arm-none-eabi/14.3.1/../../../../arm-none-eabi/lib/thumb/v7-m/nofp\libm.a
LOAD libdrivers.a
START GROUP
LOAD E:/tool/arm/arm-gnu-toolchain-14.3.rel1-mingw-w64-i686-arm-none-eabi/bin/../lib/gcc/arm-none-eabi/14.3.1/thumb/v7-m/nofp\libgcc.a
LOAD E:/tool/arm/arm-gnu-toolchain-14.3.rel1-mingw-w64-i686-arm-none-eabi/bin/../lib/gcc/arm-none-eabi/14.3.1/../../../../arm-none-eabi/lib/thumb/v7-m/nofp\libg_nano.a
LOAD E:/tool/arm/arm-gnu-toolchain-14.3.rel1-mingw-w64-i686-arm-none-eabi/bin/../lib/gcc/arm-none-eabi/14.3.1/../../../../arm-none-eabi/lib/thumb/v7-m/nofp\libc_nano.a
END GROUP
START GROUP
LOAD E:/tool/arm/arm-gnu-toolchain-14.3.rel1-mingw-w64-i686-arm-none-eabi/bin/../lib/gcc/arm-none-eabi/14.3.1/thumb/v7-m/nofp\libgcc.a
LOAD E:/tool/arm/arm-gnu-toolchain-14.3.rel1-mingw-w64-i686-arm-none-eabi/bin/../lib/gcc/arm-none-eabi/14.3.1/../../../../arm-none-eabi/lib/thumb/v7-m/nofp\libc_nano.a
END GROUP
LOAD E:/tool/arm/arm-gnu-toolchain-14.3.rel1-mingw-w64-i686-arm-none-eabi/bin/../lib/gcc/arm-none-eabi/14.3.1/thumb/v7-m/nofp/crtend.o
LOAD E:/tool/arm/arm-gnu-toolchain-14.3.rel1-mingw-w64-i686-arm-none-eabi/bin/../lib/gcc/arm-none-eabi/14.3.1/thumb/v7-m/nofp/crtn.o
                0x20005000                        _estack = (ORIGIN (RAM) + LENGTH (RAM))
                0x00000200                        _Min_Heap_Size = 0x200
                0x00000400                        _Min_Stack_Size = 0x400

.isr_vector     0x08000000      0x10c
                0x08000000                        . = ALIGN (0x4)
 *(.isr_vector)
 .isr_vector    0x08000000      0x10c CMakeFiles/project.dir/startup_stm32f103xb.s.obj
                0x08000000                g_pfnVectors
                0x0800010c                        . = ALIGN (0x4)

.text           0x08000110     0x6320
                0x08000110                        . = ALIGN (0x4)
 *(.text)
 .text          0x08000110      0x254 E:/tool/arm/arm-gnu-toolchain-14.3.rel1-mingw-w64-i686-arm-none-eabi/bin/../lib/gcc/arm-none-eabi/14.3.1/thumb/v7-m/nofp\libgcc.a(_arm_muldf3.o)
                0x08000110                __muldf3
                0x08000110                __aeabi_dmul
 .text          0x08000364      0x378 E:/tool/arm/arm-gnu-toolchain-14.3.rel1-mingw-w64-i686-arm-none-eabi/bin/../lib/gcc/arm-none-eabi/14.3.1/thumb/v7-m/nofp\libgcc.a(_arm_addsubdf3.o)
                0x08000364                __aeabi_drsub
                0x0800036c                __aeabi_dsub
                0x0800036c                __subdf3
                0x08000370                __aeabi_dadd
                0x08000370                __adddf3
                0x080005e8                __floatunsidf
                0x080005e8                __aeabi_ui2d
                0x08000608                __floatsidf
                0x08000608                __aeabi_i2d
                0x0800062c                __aeabi_f2d
                0x0800062c                __extendsfdf2
                0x08000670                __floatundidf
                0x08000670                __aeabi_ul2d
                0x08000680                __floatdidf
                0x08000680                __aeabi_l2d
 .text          0x080006dc      0x110 E:/tool/arm/arm-gnu-toolchain-14.3.rel1-mingw-w64-i686-arm-none-eabi/bin/../lib/gcc/arm-none-eabi/14.3.1/thumb/v7-m/nofp\libgcc.a(_arm_cmpdf2.o)
                0x080006dc                __gtdf2
                0x080006dc                __gedf2
                0x080006e4                __ltdf2
                0x080006e4                __ledf2
                0x080006ec                __nedf2
                0x080006ec                __eqdf2
                0x080006ec                __cmpdf2
                0x08000768                __aeabi_cdrcmple
                0x08000778                __aeabi_cdcmpeq
                0x08000778                __aeabi_cdcmple
                0x08000788                __aeabi_dcmpeq
                0x0800079c                __aeabi_dcmplt
                0x080007b0                __aeabi_dcmple
                0x080007c4                __aeabi_dcmpge
                0x080007d8                __aeabi_dcmpgt
 .text          0x080007ec       0x50 E:/tool/arm/arm-gnu-toolchain-14.3.rel1-mingw-w64-i686-arm-none-eabi/bin/../lib/gcc/arm-none-eabi/14.3.1/thumb/v7-m/nofp\libgcc.a(_arm_fixdfsi.o)
                0x080007ec                __aeabi_d2iz
                0x080007ec                __fixdfsi
 .text          0x0800083c       0xa0 E:/tool/arm/arm-gnu-toolchain-14.3.rel1-mingw-w64-i686-arm-none-eabi/bin/../lib/gcc/arm-none-eabi/14.3.1/thumb/v7-m/nofp\libgcc.a(_arm_truncdfsf2.o)
                0x0800083c                __truncdfsf2
                0x0800083c                __aeabi_d2f
 .text          0x080008dc      0x21c E:/tool/arm/arm-gnu-toolchain-14.3.rel1-mingw-w64-i686-arm-none-eabi/bin/../lib/gcc/arm-none-eabi/14.3.1/thumb/v7-m/nofp\libgcc.a(_arm_addsubsf3.o)
                0x080008dc                __aeabi_frsub
                0x080008e4                __subsf3
                0x080008e4                __aeabi_fsub
                0x080008e8                __aeabi_fadd
                0x080008e8                __addsf3
                0x08000a48                __aeabi_ui2f
                0x08000a48                __floatunsisf
                0x08000a50                __aeabi_i2f
                0x08000a50                __floatsisf
                0x08000a6c                __aeabi_ul2f
                0x08000a6c                __floatundisf
                0x08000a7c                __aeabi_l2f
                0x08000a7c                __floatdisf
 .text          0x08000af8      0x2a0 E:/tool/arm/arm-gnu-toolchain-14.3.rel1-mingw-w64-i686-arm-none-eabi/bin/../lib/gcc/arm-none-eabi/14.3.1/thumb/v7-m/nofp\libgcc.a(_arm_muldivsf3.o)
                0x08000af8                __mulsf3
                0x08000af8                __aeabi_fmul
                0x08000c60                __aeabi_fdiv
                0x08000c60                __divsf3
 .text          0x08000d98       0x4c E:/tool/arm/arm-gnu-toolchain-14.3.rel1-mingw-w64-i686-arm-none-eabi/bin/../lib/gcc/arm-none-eabi/14.3.1/thumb/v7-m/nofp\libgcc.a(_arm_fixsfsi.o)
                0x08000d98                __aeabi_f2iz
                0x08000d98                __fixsfsi
 *(.text*)
 .text.deregister_tm_clones
                0x08000de4       0x1c E:/tool/arm/arm-gnu-toolchain-14.3.rel1-mingw-w64-i686-arm-none-eabi/bin/../lib/gcc/arm-none-eabi/14.3.1/thumb/v7-m/nofp/crtbegin.o
 .text.register_tm_clones
                0x08000e00       0x24 E:/tool/arm/arm-gnu-toolchain-14.3.rel1-mingw-w64-i686-arm-none-eabi/bin/../lib/gcc/arm-none-eabi/14.3.1/thumb/v7-m/nofp/crtbegin.o
 .text.__do_global_dtors_aux
                0x08000e24       0x28 E:/tool/arm/arm-gnu-toolchain-14.3.rel1-mingw-w64-i686-arm-none-eabi/bin/../lib/gcc/arm-none-eabi/14.3.1/thumb/v7-m/nofp/crtbegin.o
 .text.frame_dummy
                0x08000e4c       0x24 E:/tool/arm/arm-gnu-toolchain-14.3.rel1-mingw-w64-i686-arm-none-eabi/bin/../lib/gcc/arm-none-eabi/14.3.1/thumb/v7-m/nofp/crtbegin.o
 .text.SystemInit
                0x08000e70        0xc cmake/stm32cubemx/CMakeFiles/STM32_Drivers.dir/__/__/Core/Src/system_stm32f1xx.c.obj
                0x08000e70                SystemInit
 .text.HAL_TIM_Base_Init
                0x08000e7c      0x170 cmake/stm32cubemx/CMakeFiles/STM32_Drivers.dir/__/__/Drivers/STM32F1xx_HAL_Driver/Src/stm32f1xx_hal_tim.c.obj
                0x08000e7c                HAL_TIM_Base_Init
 .text.HAL_TIM_Base_Start_IT
                0x08000fec       0xd8 cmake/stm32cubemx/CMakeFiles/STM32_Drivers.dir/__/__/Drivers/STM32F1xx_HAL_Driver/Src/stm32f1xx_hal_tim.c.obj
                0x08000fec                HAL_TIM_Base_Start_IT
 .text.HAL_TIM_IRQHandler
                0x080010c4      0x1e0 cmake/stm32cubemx/CMakeFiles/STM32_Drivers.dir/__/__/Drivers/STM32F1xx_HAL_Driver/Src/stm32f1xx_hal_tim.c.obj
                0x080010c4                HAL_TIM_IRQHandler
 .text.HAL_TIM_ConfigClockSource
                0x080012a4      0x564 cmake/stm32cubemx/CMakeFiles/STM32_Drivers.dir/__/__/Drivers/STM32F1xx_HAL_Driver/Src/stm32f1xx_hal_tim.c.obj
                0x080012a4                HAL_TIM_ConfigClockSource
 .text.HAL_TIM_OC_DelayElapsedCallback
                0x08001808       0x12 cmake/stm32cubemx/CMakeFiles/STM32_Drivers.dir/__/__/Drivers/STM32F1xx_HAL_Driver/Src/stm32f1xx_hal_tim.c.obj
                0x08001808                HAL_TIM_OC_DelayElapsedCallback
 .text.HAL_TIM_IC_CaptureCallback
                0x0800181a       0x12 cmake/stm32cubemx/CMakeFiles/STM32_Drivers.dir/__/__/Drivers/STM32F1xx_HAL_Driver/Src/stm32f1xx_hal_tim.c.obj
                0x0800181a                HAL_TIM_IC_CaptureCallback
 .text.HAL_TIM_PWM_PulseFinishedCallback
                0x0800182c       0x12 cmake/stm32cubemx/CMakeFiles/STM32_Drivers.dir/__/__/Drivers/STM32F1xx_HAL_Driver/Src/stm32f1xx_hal_tim.c.obj
                0x0800182c                HAL_TIM_PWM_PulseFinishedCallback
 .text.HAL_TIM_TriggerCallback
                0x0800183e       0x12 cmake/stm32cubemx/CMakeFiles/STM32_Drivers.dir/__/__/Drivers/STM32F1xx_HAL_Driver/Src/stm32f1xx_hal_tim.c.obj
                0x0800183e                HAL_TIM_TriggerCallback
 .text.TIM_Base_SetConfig
                0x08001850       0xdc cmake/stm32cubemx/CMakeFiles/STM32_Drivers.dir/__/__/Drivers/STM32F1xx_HAL_Driver/Src/stm32f1xx_hal_tim.c.obj
                0x08001850                TIM_Base_SetConfig
 .text.TIM_TI1_ConfigInputStage
                0x0800192c       0x5c cmake/stm32cubemx/CMakeFiles/STM32_Drivers.dir/__/__/Drivers/STM32F1xx_HAL_Driver/Src/stm32f1xx_hal_tim.c.obj
 .text.TIM_TI2_ConfigInputStage
                0x08001988       0x5e cmake/stm32cubemx/CMakeFiles/STM32_Drivers.dir/__/__/Drivers/STM32F1xx_HAL_Driver/Src/stm32f1xx_hal_tim.c.obj
 .text.TIM_ITRx_SetConfig
                0x080019e6       0x34 cmake/stm32cubemx/CMakeFiles/STM32_Drivers.dir/__/__/Drivers/STM32F1xx_HAL_Driver/Src/stm32f1xx_hal_tim.c.obj
 .text.TIM_ETR_SetConfig
                0x08001a1a       0x3e cmake/stm32cubemx/CMakeFiles/STM32_Drivers.dir/__/__/Drivers/STM32F1xx_HAL_Driver/Src/stm32f1xx_hal_tim.c.obj
                0x08001a1a                TIM_ETR_SetConfig
 .text.HAL_TIMEx_MasterConfigSynchronization
                0x08001a58      0x154 cmake/stm32cubemx/CMakeFiles/STM32_Drivers.dir/__/__/Drivers/STM32F1xx_HAL_Driver/Src/stm32f1xx_hal_tim_ex.c.obj
                0x08001a58                HAL_TIMEx_MasterConfigSynchronization
 .text.HAL_TIMEx_CommutCallback
                0x08001bac       0x12 cmake/stm32cubemx/CMakeFiles/STM32_Drivers.dir/__/__/Drivers/STM32F1xx_HAL_Driver/Src/stm32f1xx_hal_tim_ex.c.obj
                0x08001bac                HAL_TIMEx_CommutCallback
 .text.HAL_TIMEx_BreakCallback
                0x08001bbe       0x12 cmake/stm32cubemx/CMakeFiles/STM32_Drivers.dir/__/__/Drivers/STM32F1xx_HAL_Driver/Src/stm32f1xx_hal_tim_ex.c.obj
                0x08001bbe                HAL_TIMEx_BreakCallback
 .text.HAL_Init
                0x08001bd0       0x2c cmake/stm32cubemx/CMakeFiles/STM32_Drivers.dir/__/__/Drivers/STM32F1xx_HAL_Driver/Src/stm32f1xx_hal.c.obj
                0x08001bd0                HAL_Init
 .text.HAL_InitTick
                0x08001bfc       0x60 cmake/stm32cubemx/CMakeFiles/STM32_Drivers.dir/__/__/Drivers/STM32F1xx_HAL_Driver/Src/stm32f1xx_hal.c.obj
                0x08001bfc                HAL_InitTick
 .text.HAL_IncTick
                0x08001c5c       0x24 cmake/stm32cubemx/CMakeFiles/STM32_Drivers.dir/__/__/Drivers/STM32F1xx_HAL_Driver/Src/stm32f1xx_hal.c.obj
                0x08001c5c                HAL_IncTick
 .text.HAL_GetTick
                0x08001c80       0x14 cmake/stm32cubemx/CMakeFiles/STM32_Drivers.dir/__/__/Drivers/STM32F1xx_HAL_Driver/Src/stm32f1xx_hal.c.obj
                0x08001c80                HAL_GetTick
 .text.HAL_RCC_OscConfig
                0x08001c94      0x6dc cmake/stm32cubemx/CMakeFiles/STM32_Drivers.dir/__/__/Drivers/STM32F1xx_HAL_Driver/Src/stm32f1xx_hal_rcc.c.obj
                0x08001c94                HAL_RCC_OscConfig
 .text.HAL_RCC_ClockConfig
                0x08002370      0x320 cmake/stm32cubemx/CMakeFiles/STM32_Drivers.dir/__/__/Drivers/STM32F1xx_HAL_Driver/Src/stm32f1xx_hal_rcc.c.obj
                0x08002370                HAL_RCC_ClockConfig
 .text.HAL_RCC_GetSysClockFreq
                0x08002690       0xa8 cmake/stm32cubemx/CMakeFiles/STM32_Drivers.dir/__/__/Drivers/STM32F1xx_HAL_Driver/Src/stm32f1xx_hal_rcc.c.obj
                0x08002690                HAL_RCC_GetSysClockFreq
 .text.HAL_RCC_GetHCLKFreq
                0x08002738       0x14 cmake/stm32cubemx/CMakeFiles/STM32_Drivers.dir/__/__/Drivers/STM32F1xx_HAL_Driver/Src/stm32f1xx_hal_rcc.c.obj
                0x08002738                HAL_RCC_GetHCLKFreq
 .text.HAL_RCC_GetPCLK1Freq
                0x0800274c       0x28 cmake/stm32cubemx/CMakeFiles/STM32_Drivers.dir/__/__/Drivers/STM32F1xx_HAL_Driver/Src/stm32f1xx_hal_rcc.c.obj
                0x0800274c                HAL_RCC_GetPCLK1Freq
 .text.HAL_RCC_GetPCLK2Freq
                0x08002774       0x28 cmake/stm32cubemx/CMakeFiles/STM32_Drivers.dir/__/__/Drivers/STM32F1xx_HAL_Driver/Src/stm32f1xx_hal_rcc.c.obj
                0x08002774                HAL_RCC_GetPCLK2Freq
 .text.RCC_Delay
                0x0800279c       0x3c cmake/stm32cubemx/CMakeFiles/STM32_Drivers.dir/__/__/Drivers/STM32F1xx_HAL_Driver/Src/stm32f1xx_hal_rcc.c.obj
 .text.HAL_GPIO_Init
                0x080027d8      0x4dc cmake/stm32cubemx/CMakeFiles/STM32_Drivers.dir/__/__/Drivers/STM32F1xx_HAL_Driver/Src/stm32f1xx_hal_gpio.c.obj
                0x080027d8                HAL_GPIO_Init
 .text.HAL_GPIO_WritePin
                0x08002cb4       0x58 cmake/stm32cubemx/CMakeFiles/STM32_Drivers.dir/__/__/Drivers/STM32F1xx_HAL_Driver/Src/stm32f1xx_hal_gpio.c.obj
                0x08002cb4                HAL_GPIO_WritePin
 .text.HAL_GPIO_TogglePin
                0x08002d0c       0x44 cmake/stm32cubemx/CMakeFiles/STM32_Drivers.dir/__/__/Drivers/STM32F1xx_HAL_Driver/Src/stm32f1xx_hal_gpio.c.obj
                0x08002d0c                HAL_GPIO_TogglePin
 .text.HAL_DMA_Init
                0x08002d50      0x200 cmake/stm32cubemx/CMakeFiles/STM32_Drivers.dir/__/__/Drivers/STM32F1xx_HAL_Driver/Src/stm32f1xx_hal_dma.c.obj
                0x08002d50                HAL_DMA_Init
 .text.HAL_DMA_Start_IT
                0x08002f50       0xdc cmake/stm32cubemx/CMakeFiles/STM32_Drivers.dir/__/__/Drivers/STM32F1xx_HAL_Driver/Src/stm32f1xx_hal_dma.c.obj
                0x08002f50                HAL_DMA_Start_IT
 .text.HAL_DMA_Abort
                0x0800302c       0x76 cmake/stm32cubemx/CMakeFiles/STM32_Drivers.dir/__/__/Drivers/STM32F1xx_HAL_Driver/Src/stm32f1xx_hal_dma.c.obj
                0x0800302c                HAL_DMA_Abort
 *fill*         0x080030a2        0x2 
 .text.HAL_DMA_Abort_IT
                0x080030a4       0xf0 cmake/stm32cubemx/CMakeFiles/STM32_Drivers.dir/__/__/Drivers/STM32F1xx_HAL_Driver/Src/stm32f1xx_hal_dma.c.obj
                0x080030a4                HAL_DMA_Abort_IT
 .text.HAL_DMA_IRQHandler
                0x08003194      0x20c cmake/stm32cubemx/CMakeFiles/STM32_Drivers.dir/__/__/Drivers/STM32F1xx_HAL_Driver/Src/stm32f1xx_hal_dma.c.obj
                0x08003194                HAL_DMA_IRQHandler
 .text.DMA_SetConfig
                0x080033a0       0x5a cmake/stm32cubemx/CMakeFiles/STM32_Drivers.dir/__/__/Drivers/STM32F1xx_HAL_Driver/Src/stm32f1xx_hal_dma.c.obj
 *fill*         0x080033fa        0x2 
 .text.__NVIC_SetPriorityGrouping
                0x080033fc       0x48 cmake/stm32cubemx/CMakeFiles/STM32_Drivers.dir/__/__/Drivers/STM32F1xx_HAL_Driver/Src/stm32f1xx_hal_cortex.c.obj
 .text.__NVIC_GetPriorityGrouping
                0x08003444       0x1c cmake/stm32cubemx/CMakeFiles/STM32_Drivers.dir/__/__/Drivers/STM32F1xx_HAL_Driver/Src/stm32f1xx_hal_cortex.c.obj
 .text.__NVIC_EnableIRQ
                0x08003460       0x38 cmake/stm32cubemx/CMakeFiles/STM32_Drivers.dir/__/__/Drivers/STM32F1xx_HAL_Driver/Src/stm32f1xx_hal_cortex.c.obj
 .text.__NVIC_SetPriority
                0x08003498       0x54 cmake/stm32cubemx/CMakeFiles/STM32_Drivers.dir/__/__/Drivers/STM32F1xx_HAL_Driver/Src/stm32f1xx_hal_cortex.c.obj
 .text.NVIC_EncodePriority
                0x080034ec       0x64 cmake/stm32cubemx/CMakeFiles/STM32_Drivers.dir/__/__/Drivers/STM32F1xx_HAL_Driver/Src/stm32f1xx_hal_cortex.c.obj
 .text.SysTick_Config
                0x08003550       0x44 cmake/stm32cubemx/CMakeFiles/STM32_Drivers.dir/__/__/Drivers/STM32F1xx_HAL_Driver/Src/stm32f1xx_hal_cortex.c.obj
 .text.HAL_NVIC_SetPriorityGrouping
                0x08003594       0x40 cmake/stm32cubemx/CMakeFiles/STM32_Drivers.dir/__/__/Drivers/STM32F1xx_HAL_Driver/Src/stm32f1xx_hal_cortex.c.obj
                0x08003594                HAL_NVIC_SetPriorityGrouping
 .text.HAL_NVIC_SetPriority
                0x080035d4       0x58 cmake/stm32cubemx/CMakeFiles/STM32_Drivers.dir/__/__/Drivers/STM32F1xx_HAL_Driver/Src/stm32f1xx_hal_cortex.c.obj
                0x080035d4                HAL_NVIC_SetPriority
 .text.HAL_NVIC_EnableIRQ
                0x0800362c       0x30 cmake/stm32cubemx/CMakeFiles/STM32_Drivers.dir/__/__/Drivers/STM32F1xx_HAL_Driver/Src/stm32f1xx_hal_cortex.c.obj
                0x0800362c                HAL_NVIC_EnableIRQ
 .text.HAL_SYSTICK_Config
                0x0800365c       0x18 cmake/stm32cubemx/CMakeFiles/STM32_Drivers.dir/__/__/Drivers/STM32F1xx_HAL_Driver/Src/stm32f1xx_hal_cortex.c.obj
                0x0800365c                HAL_SYSTICK_Config
 .text.HAL_UART_Init
                0x08003674      0x158 cmake/stm32cubemx/CMakeFiles/STM32_Drivers.dir/__/__/Drivers/STM32F1xx_HAL_Driver/Src/stm32f1xx_hal_uart.c.obj
                0x08003674                HAL_UART_Init
 .text.HAL_UART_Transmit_DMA
                0x080037cc       0xe0 cmake/stm32cubemx/CMakeFiles/STM32_Drivers.dir/__/__/Drivers/STM32F1xx_HAL_Driver/Src/stm32f1xx_hal_uart.c.obj
                0x080037cc                HAL_UART_Transmit_DMA
 .text.HAL_UART_Receive_DMA
                0x080038ac       0x4a cmake/stm32cubemx/CMakeFiles/STM32_Drivers.dir/__/__/Drivers/STM32F1xx_HAL_Driver/Src/stm32f1xx_hal_uart.c.obj
                0x080038ac                HAL_UART_Receive_DMA
 *fill*         0x080038f6        0x2 
 .text.HAL_UART_IRQHandler
                0x080038f8      0x524 cmake/stm32cubemx/CMakeFiles/STM32_Drivers.dir/__/__/Drivers/STM32F1xx_HAL_Driver/Src/stm32f1xx_hal_uart.c.obj
                0x080038f8                HAL_UART_IRQHandler
 .text.HAL_UART_TxCpltCallback
                0x08003e1c       0x12 cmake/stm32cubemx/CMakeFiles/STM32_Drivers.dir/__/__/Drivers/STM32F1xx_HAL_Driver/Src/stm32f1xx_hal_uart.c.obj
                0x08003e1c                HAL_UART_TxCpltCallback
 .text.HAL_UART_TxHalfCpltCallback
                0x08003e2e       0x12 cmake/stm32cubemx/CMakeFiles/STM32_Drivers.dir/__/__/Drivers/STM32F1xx_HAL_Driver/Src/stm32f1xx_hal_uart.c.obj
                0x08003e2e                HAL_UART_TxHalfCpltCallback
 .text.HAL_UART_RxHalfCpltCallback
                0x08003e40       0x12 cmake/stm32cubemx/CMakeFiles/STM32_Drivers.dir/__/__/Drivers/STM32F1xx_HAL_Driver/Src/stm32f1xx_hal_uart.c.obj
                0x08003e40                HAL_UART_RxHalfCpltCallback
 .text.HAL_UART_ErrorCallback
                0x08003e52       0x12 cmake/stm32cubemx/CMakeFiles/STM32_Drivers.dir/__/__/Drivers/STM32F1xx_HAL_Driver/Src/stm32f1xx_hal_uart.c.obj
                0x08003e52                HAL_UART_ErrorCallback
 .text.HAL_UARTEx_RxEventCallback
                0x08003e64       0x16 cmake/stm32cubemx/CMakeFiles/STM32_Drivers.dir/__/__/Drivers/STM32F1xx_HAL_Driver/Src/stm32f1xx_hal_uart.c.obj
                0x08003e64                HAL_UARTEx_RxEventCallback
 .text.UART_DMATransmitCplt
                0x08003e7a       0x9a cmake/stm32cubemx/CMakeFiles/STM32_Drivers.dir/__/__/Drivers/STM32F1xx_HAL_Driver/Src/stm32f1xx_hal_uart.c.obj
 .text.UART_DMATxHalfCplt
                0x08003f14       0x1c cmake/stm32cubemx/CMakeFiles/STM32_Drivers.dir/__/__/Drivers/STM32F1xx_HAL_Driver/Src/stm32f1xx_hal_uart.c.obj
 .text.UART_DMAReceiveCplt
                0x08003f30      0x12c cmake/stm32cubemx/CMakeFiles/STM32_Drivers.dir/__/__/Drivers/STM32F1xx_HAL_Driver/Src/stm32f1xx_hal_uart.c.obj
 .text.UART_DMARxHalfCplt
                0x0800405c       0x3c cmake/stm32cubemx/CMakeFiles/STM32_Drivers.dir/__/__/Drivers/STM32F1xx_HAL_Driver/Src/stm32f1xx_hal_uart.c.obj
 .text.UART_DMAError
                0x08004098       0x94 cmake/stm32cubemx/CMakeFiles/STM32_Drivers.dir/__/__/Drivers/STM32F1xx_HAL_Driver/Src/stm32f1xx_hal_uart.c.obj
 .text.UART_Start_Receive_DMA
                0x0800412c      0x134 cmake/stm32cubemx/CMakeFiles/STM32_Drivers.dir/__/__/Drivers/STM32F1xx_HAL_Driver/Src/stm32f1xx_hal_uart.c.obj
                0x0800412c                UART_Start_Receive_DMA
 .text.UART_EndTxTransfer
                0x08004260       0x4e cmake/stm32cubemx/CMakeFiles/STM32_Drivers.dir/__/__/Drivers/STM32F1xx_HAL_Driver/Src/stm32f1xx_hal_uart.c.obj
 .text.UART_EndRxTransfer
                0x080042ae       0xc4 cmake/stm32cubemx/CMakeFiles/STM32_Drivers.dir/__/__/Drivers/STM32F1xx_HAL_Driver/Src/stm32f1xx_hal_uart.c.obj
 .text.UART_DMAAbortOnError
                0x08004372       0x28 cmake/stm32cubemx/CMakeFiles/STM32_Drivers.dir/__/__/Drivers/STM32F1xx_HAL_Driver/Src/stm32f1xx_hal_uart.c.obj
 .text.UART_Transmit_IT
                0x0800439a       0x9e cmake/stm32cubemx/CMakeFiles/STM32_Drivers.dir/__/__/Drivers/STM32F1xx_HAL_Driver/Src/stm32f1xx_hal_uart.c.obj
 .text.UART_EndTransmit_IT
                0x08004438       0x30 cmake/stm32cubemx/CMakeFiles/STM32_Drivers.dir/__/__/Drivers/STM32F1xx_HAL_Driver/Src/stm32f1xx_hal_uart.c.obj
 .text.UART_Receive_IT
                0x08004468      0x17c cmake/stm32cubemx/CMakeFiles/STM32_Drivers.dir/__/__/Drivers/STM32F1xx_HAL_Driver/Src/stm32f1xx_hal_uart.c.obj
 .text.UART_SetConfig
                0x080045e4      0x19c cmake/stm32cubemx/CMakeFiles/STM32_Drivers.dir/__/__/Drivers/STM32F1xx_HAL_Driver/Src/stm32f1xx_hal_uart.c.obj
 .text.MX_DMA_Init
                0x08004780       0x4c CMakeFiles/project.dir/Core/Src/dma.c.obj
                0x08004780                MX_DMA_Init
 .text.MX_GPIO_Init
                0x080047cc       0xf8 CMakeFiles/project.dir/Core/Src/gpio.c.obj
                0x080047cc                MX_GPIO_Init
 .text.main     0x080048c4       0x28 CMakeFiles/project.dir/Core/Src/main.c.obj
                0x080048c4                main
 .text.SystemClock_Config
                0x080048ec       0x8a CMakeFiles/project.dir/Core/Src/main.c.obj
                0x080048ec                SystemClock_Config
 .text.Error_Handler
                0x08004976        0xc CMakeFiles/project.dir/Core/Src/main.c.obj
                0x08004976                Error_Handler
 .text.assert_failed
                0x08004982       0x14 CMakeFiles/project.dir/Core/Src/main.c.obj
                0x08004982                assert_failed
 *fill*         0x08004996        0x2 
 .text.HAL_MspInit
                0x08004998       0x74 CMakeFiles/project.dir/Core/Src/stm32f1xx_hal_msp.c.obj
                0x08004998                HAL_MspInit
 .text.NMI_Handler
                0x08004a0c        0x8 CMakeFiles/project.dir/Core/Src/stm32f1xx_it.c.obj
                0x08004a0c                NMI_Handler
 .text.HardFault_Handler
                0x08004a14        0x8 CMakeFiles/project.dir/Core/Src/stm32f1xx_it.c.obj
                0x08004a14                HardFault_Handler
 .text.MemManage_Handler
                0x08004a1c        0x8 CMakeFiles/project.dir/Core/Src/stm32f1xx_it.c.obj
                0x08004a1c                MemManage_Handler
 .text.BusFault_Handler
                0x08004a24        0x8 CMakeFiles/project.dir/Core/Src/stm32f1xx_it.c.obj
                0x08004a24                BusFault_Handler
 .text.UsageFault_Handler
                0x08004a2c        0x8 CMakeFiles/project.dir/Core/Src/stm32f1xx_it.c.obj
                0x08004a2c                UsageFault_Handler
 .text.SVC_Handler
                0x08004a34        0xc CMakeFiles/project.dir/Core/Src/stm32f1xx_it.c.obj
                0x08004a34                SVC_Handler
 .text.DebugMon_Handler
                0x08004a40        0xc CMakeFiles/project.dir/Core/Src/stm32f1xx_it.c.obj
                0x08004a40                DebugMon_Handler
 .text.PendSV_Handler
                0x08004a4c        0xc CMakeFiles/project.dir/Core/Src/stm32f1xx_it.c.obj
                0x08004a4c                PendSV_Handler
 .text.SysTick_Handler
                0x08004a58        0xc CMakeFiles/project.dir/Core/Src/stm32f1xx_it.c.obj
                0x08004a58                SysTick_Handler
 .text.RCC_IRQHandler
                0x08004a64        0xc CMakeFiles/project.dir/Core/Src/stm32f1xx_it.c.obj
                0x08004a64                RCC_IRQHandler
 .text.DMA1_Channel4_IRQHandler
                0x08004a70       0x14 CMakeFiles/project.dir/Core/Src/stm32f1xx_it.c.obj
                0x08004a70                DMA1_Channel4_IRQHandler
 .text.DMA1_Channel6_IRQHandler
                0x08004a84       0x14 CMakeFiles/project.dir/Core/Src/stm32f1xx_it.c.obj
                0x08004a84                DMA1_Channel6_IRQHandler
 .text.TIM3_IRQHandler
                0x08004a98       0x14 CMakeFiles/project.dir/Core/Src/stm32f1xx_it.c.obj
                0x08004a98                TIM3_IRQHandler
 .text.USART1_IRQHandler
                0x08004aac       0x14 CMakeFiles/project.dir/Core/Src/stm32f1xx_it.c.obj
                0x08004aac                USART1_IRQHandler
 .text.USART2_IRQHandler
                0x08004ac0       0x14 CMakeFiles/project.dir/Core/Src/stm32f1xx_it.c.obj
                0x08004ac0                USART2_IRQHandler
 .text.MX_TIM3_Init
                0x08004ad4       0x9c CMakeFiles/project.dir/Core/Src/tim.c.obj
                0x08004ad4                MX_TIM3_Init
 .text.HAL_TIM_Base_MspInit
                0x08004b70       0x4c CMakeFiles/project.dir/Core/Src/tim.c.obj
                0x08004b70                HAL_TIM_Base_MspInit
 .text.MX_USART1_UART_Init
                0x08004bbc       0x54 CMakeFiles/project.dir/Core/Src/usart.c.obj
                0x08004bbc                MX_USART1_UART_Init
 .text.MX_USART2_UART_Init
                0x08004c10       0x54 CMakeFiles/project.dir/Core/Src/usart.c.obj
                0x08004c10                MX_USART2_UART_Init
 .text.HAL_UART_MspInit
                0x08004c64      0x1d4 CMakeFiles/project.dir/Core/Src/usart.c.obj
                0x08004c64                HAL_UART_MspInit
 .text.MainInit
                0x08004e38       0x24 CMakeFiles/project.dir/forder/task.c.obj
                0x08004e38                MainInit
 *fill*         0x08004e5c        0x4 
 .text.MainTask
                0x08004e60       0xe0 CMakeFiles/project.dir/forder/task.c.obj
                0x08004e60                MainTask
 .text.HAL_TIM_PeriodElapsedCallback
                0x08004f40       0x20 CMakeFiles/project.dir/forder/task.c.obj
                0x08004f40                HAL_TIM_PeriodElapsedCallback
 .text.HAL_UART_RxCpltCallback
                0x08004f60       0x30 CMakeFiles/project.dir/forder/task.c.obj
                0x08004f60                HAL_UART_RxCpltCallback
 .text.encode   0x08004f90       0x78 CMakeFiles/project.dir/forder/task.c.obj
                0x08004f90                encode
 .text.decode   0x08005008       0x94 CMakeFiles/project.dir/forder/task.c.obj
                0x08005008                decode
 .text.Reset_Handler
                0x0800509c       0x48 CMakeFiles/project.dir/startup_stm32f103xb.s.obj
                0x0800509c                Reset_Handler
 .text.Default_Handler
                0x080050e4        0x2 CMakeFiles/project.dir/startup_stm32f103xb.s.obj
                0x080050e4                RTC_Alarm_IRQHandler
                0x080050e4                EXTI2_IRQHandler
                0x080050e4                TIM1_CC_IRQHandler
                0x080050e4                PVD_IRQHandler
                0x080050e4                EXTI3_IRQHandler
                0x080050e4                EXTI0_IRQHandler
                0x080050e4                I2C2_EV_IRQHandler
                0x080050e4                ADC1_2_IRQHandler
                0x080050e4                SPI1_IRQHandler
                0x080050e4                TAMPER_IRQHandler
                0x080050e4                USART3_IRQHandler
                0x080050e4                RTC_IRQHandler
                0x080050e4                DMA1_Channel7_IRQHandler
                0x080050e4                CAN1_RX1_IRQHandler
                0x080050e4                TIM4_IRQHandler
                0x080050e4                I2C1_EV_IRQHandler
                0x080050e4                TIM1_TRG_COM_IRQHandler
                0x080050e4                DMA1_Channel1_IRQHandler
                0x080050e4                Default_Handler
                0x080050e4                EXTI15_10_IRQHandler
                0x080050e4                EXTI9_5_IRQHandler
                0x080050e4                SPI2_IRQHandler
                0x080050e4                DMA1_Channel5_IRQHandler
                0x080050e4                EXTI4_IRQHandler
                0x080050e4                USB_LP_CAN1_RX0_IRQHandler
                0x080050e4                USB_HP_CAN1_TX_IRQHandler
                0x080050e4                DMA1_Channel3_IRQHandler
                0x080050e4                TIM1_UP_IRQHandler
                0x080050e4                WWDG_IRQHandler
                0x080050e4                TIM2_IRQHandler
                0x080050e4                TIM1_BRK_IRQHandler
                0x080050e4                EXTI1_IRQHandler
                0x080050e4                I2C2_ER_IRQHandler
                0x080050e4                DMA1_Channel2_IRQHandler
                0x080050e4                CAN1_SCE_IRQHandler
                0x080050e4                FLASH_IRQHandler
                0x080050e4                I2C1_ER_IRQHandler
                0x080050e4                USBWakeUp_IRQHandler
 *fill*         0x080050e6        0x2 
 .text.sin      0x080050e8       0x8c E:/tool/arm/arm-gnu-toolchain-14.3.rel1-mingw-w64-i686-arm-none-eabi/bin/../lib/gcc/arm-none-eabi/14.3.1/../../../../arm-none-eabi/lib/thumb/v7-m/nofp\libm.a(libm_a-s_sin.o)
                0x080050e8                sin
 *fill*         0x08005174        0x4 
 .text.__kernel_cos
                0x08005178      0x250 E:/tool/arm/arm-gnu-toolchain-14.3.rel1-mingw-w64-i686-arm-none-eabi/bin/../lib/gcc/arm-none-eabi/14.3.1/../../../../arm-none-eabi/lib/thumb/v7-m/nofp\libm.a(libm_a-k_cos.o)
                0x08005178                __kernel_cos
 .text.__kernel_sin
                0x080053c8      0x16c E:/tool/arm/arm-gnu-toolchain-14.3.rel1-mingw-w64-i686-arm-none-eabi/bin/../lib/gcc/arm-none-eabi/14.3.1/../../../../arm-none-eabi/lib/thumb/v7-m/nofp\libm.a(libm_a-k_sin.o)
                0x080053c8                __kernel_sin
 *fill*         0x08005534        0x4 
 .text.__ieee754_rem_pio2
                0x08005538      0x40c E:/tool/arm/arm-gnu-toolchain-14.3.rel1-mingw-w64-i686-arm-none-eabi/bin/../lib/gcc/arm-none-eabi/14.3.1/../../../../arm-none-eabi/lib/thumb/v7-m/nofp\libm.a(libm_a-e_rem_pio2.o)
                0x08005538                __ieee754_rem_pio2
 .text.fabs     0x08005944        0x8 E:/tool/arm/arm-gnu-toolchain-14.3.rel1-mingw-w64-i686-arm-none-eabi/bin/../lib/gcc/arm-none-eabi/14.3.1/../../../../arm-none-eabi/lib/thumb/v7-m/nofp\libm.a(libm_a-s_fabs.o)
                0x08005944                fabs
 .text.__kernel_rem_pio2
                0x0800594c      0x868 E:/tool/arm/arm-gnu-toolchain-14.3.rel1-mingw-w64-i686-arm-none-eabi/bin/../lib/gcc/arm-none-eabi/14.3.1/../../../../arm-none-eabi/lib/thumb/v7-m/nofp\libm.a(libm_a-k_rem_pio2.o)
                0x0800594c                __kernel_rem_pio2
 *fill*         0x080061b4        0x4 
 .text.scalbn   0x080061b8       0xfc E:/tool/arm/arm-gnu-toolchain-14.3.rel1-mingw-w64-i686-arm-none-eabi/bin/../lib/gcc/arm-none-eabi/14.3.1/../../../../arm-none-eabi/lib/thumb/v7-m/nofp\libm.a(libm_a-s_scalbn.o)
                0x080061b8                scalbn
 *fill*         0x080062b4        0x4 
 .text.floor    0x080062b8      0x108 E:/tool/arm/arm-gnu-toolchain-14.3.rel1-mingw-w64-i686-arm-none-eabi/bin/../lib/gcc/arm-none-eabi/14.3.1/../../../../arm-none-eabi/lib/thumb/v7-m/nofp\libm.a(libm_a-s_floor.o)
                0x080062b8                floor
 .text.memset   0x080063c0       0x10 E:/tool/arm/arm-gnu-toolchain-14.3.rel1-mingw-w64-i686-arm-none-eabi/bin/../lib/gcc/arm-none-eabi/14.3.1/../../../../arm-none-eabi/lib/thumb/v7-m/nofp\libg_nano.a(libc_a-memset.o)
                0x080063c0                memset
 .text.__libc_init_array
                0x080063d0       0x48 E:/tool/arm/arm-gnu-toolchain-14.3.rel1-mingw-w64-i686-arm-none-eabi/bin/../lib/gcc/arm-none-eabi/14.3.1/../../../../arm-none-eabi/lib/thumb/v7-m/nofp\libg_nano.a(libc_a-init.o)
                0x080063d0                __libc_init_array
 *(.glue_7)
 .glue_7        0x08006418        0x0 linker stubs
 *(.glue_7t)
 .glue_7t       0x08006418        0x0 linker stubs
 *(.eh_frame)
 .eh_frame      0x08006418        0x0 E:/tool/arm/arm-gnu-toolchain-14.3.rel1-mingw-w64-i686-arm-none-eabi/bin/../lib/gcc/arm-none-eabi/14.3.1/thumb/v7-m/nofp/crtbegin.o
 *(.init)
 .init          0x08006418        0x4 E:/tool/arm/arm-gnu-toolchain-14.3.rel1-mingw-w64-i686-arm-none-eabi/bin/../lib/gcc/arm-none-eabi/14.3.1/thumb/v7-m/nofp/crti.o
                0x08006418                _init
 .init          0x0800641c        0x8 E:/tool/arm/arm-gnu-toolchain-14.3.rel1-mingw-w64-i686-arm-none-eabi/bin/../lib/gcc/arm-none-eabi/14.3.1/thumb/v7-m/nofp/crtn.o
 *(.fini)
 .fini          0x08006424        0x4 E:/tool/arm/arm-gnu-toolchain-14.3.rel1-mingw-w64-i686-arm-none-eabi/bin/../lib/gcc/arm-none-eabi/14.3.1/thumb/v7-m/nofp/crti.o
                0x08006424                _fini
 .fini          0x08006428        0x8 E:/tool/arm/arm-gnu-toolchain-14.3.rel1-mingw-w64-i686-arm-none-eabi/bin/../lib/gcc/arm-none-eabi/14.3.1/thumb/v7-m/nofp/crtn.o
                0x08006430                        . = ALIGN (0x4)
                0x08006430                        _etext = .

.vfp11_veneer   0x08006430        0x0
 .vfp11_veneer  0x08006430        0x0 linker stubs

.v4_bx          0x08006430        0x0
 .v4_bx         0x08006430        0x0 linker stubs

.iplt           0x08006430        0x0
 .iplt          0x08006430        0x0 E:/tool/arm/arm-gnu-toolchain-14.3.rel1-mingw-w64-i686-arm-none-eabi/bin/../lib/gcc/arm-none-eabi/14.3.1/thumb/v7-m/nofp/crtbegin.o

.rodata         0x08006430      0x3e8
                0x08006430                        . = ALIGN (0x4)
 *(.rodata)
 .rodata        0x08006430       0x43 cmake/stm32cubemx/CMakeFiles/STM32_Drivers.dir/__/__/Drivers/STM32F1xx_HAL_Driver/Src/stm32f1xx_hal_tim.c.obj
 *fill*         0x08006473        0x1 
 .rodata        0x08006474       0x46 cmake/stm32cubemx/CMakeFiles/STM32_Drivers.dir/__/__/Drivers/STM32F1xx_HAL_Driver/Src/stm32f1xx_hal_tim_ex.c.obj
 *fill*         0x080064ba        0x2 
 .rodata        0x080064bc       0x43 cmake/stm32cubemx/CMakeFiles/STM32_Drivers.dir/__/__/Drivers/STM32F1xx_HAL_Driver/Src/stm32f1xx_hal_rcc.c.obj
 *fill*         0x080064ff        0x1 
 .rodata        0x08006500       0x44 cmake/stm32cubemx/CMakeFiles/STM32_Drivers.dir/__/__/Drivers/STM32F1xx_HAL_Driver/Src/stm32f1xx_hal_gpio.c.obj
 .rodata        0x08006544       0x43 cmake/stm32cubemx/CMakeFiles/STM32_Drivers.dir/__/__/Drivers/STM32F1xx_HAL_Driver/Src/stm32f1xx_hal_dma.c.obj
 *fill*         0x08006587        0x1 
 .rodata        0x08006588       0x46 cmake/stm32cubemx/CMakeFiles/STM32_Drivers.dir/__/__/Drivers/STM32F1xx_HAL_Driver/Src/stm32f1xx_hal_cortex.c.obj
 *fill*         0x080065ce        0x2 
 .rodata        0x080065d0       0x44 cmake/stm32cubemx/CMakeFiles/STM32_Drivers.dir/__/__/Drivers/STM32F1xx_HAL_Driver/Src/stm32f1xx_hal_uart.c.obj
 *(.rodata*)
 .rodata.AHBPrescTable
                0x08006614       0x10 cmake/stm32cubemx/CMakeFiles/STM32_Drivers.dir/__/__/Core/Src/system_stm32f1xx.c.obj
                0x08006614                AHBPrescTable
 .rodata.APBPrescTable
                0x08006624        0x8 cmake/stm32cubemx/CMakeFiles/STM32_Drivers.dir/__/__/Core/Src/system_stm32f1xx.c.obj
                0x08006624                APBPrescTable
 .rodata.aPLLMULFactorTable.1
                0x0800662c       0x10 cmake/stm32cubemx/CMakeFiles/STM32_Drivers.dir/__/__/Drivers/STM32F1xx_HAL_Driver/Src/stm32f1xx_hal_rcc.c.obj
 .rodata.aPredivFactorTable.0
                0x0800663c        0x2 cmake/stm32cubemx/CMakeFiles/STM32_Drivers.dir/__/__/Drivers/STM32F1xx_HAL_Driver/Src/stm32f1xx_hal_rcc.c.obj
 *fill*         0x0800663e        0x2 
 .rodata.npio2_hw
                0x08006640       0x80 E:/tool/arm/arm-gnu-toolchain-14.3.rel1-mingw-w64-i686-arm-none-eabi/bin/../lib/gcc/arm-none-eabi/14.3.1/../../../../arm-none-eabi/lib/thumb/v7-m/nofp\libm.a(libm_a-e_rem_pio2.o)
 .rodata.two_over_pi
                0x080066c0      0x108 E:/tool/arm/arm-gnu-toolchain-14.3.rel1-mingw-w64-i686-arm-none-eabi/bin/../lib/gcc/arm-none-eabi/14.3.1/../../../../arm-none-eabi/lib/thumb/v7-m/nofp\libm.a(libm_a-e_rem_pio2.o)
 .rodata.PIo2   0x080067c8       0x40 E:/tool/arm/arm-gnu-toolchain-14.3.rel1-mingw-w64-i686-arm-none-eabi/bin/../lib/gcc/arm-none-eabi/14.3.1/../../../../arm-none-eabi/lib/thumb/v7-m/nofp\libm.a(libm_a-k_rem_pio2.o)
 .rodata.init_jk
                0x08006808       0x10 E:/tool/arm/arm-gnu-toolchain-14.3.rel1-mingw-w64-i686-arm-none-eabi/bin/../lib/gcc/arm-none-eabi/14.3.1/../../../../arm-none-eabi/lib/thumb/v7-m/nofp\libm.a(libm_a-k_rem_pio2.o)
                0x08006818                        . = ALIGN (0x4)

.ARM.extab      0x08006818        0x0
                0x08006818                        . = ALIGN (0x4)
 *(.ARM.extab* .gnu.linkonce.armextab.*)
                0x08006818                        . = ALIGN (0x4)

.ARM            0x08006818        0x0
                0x08006818                        . = ALIGN (0x4)
                0x08006818                        __exidx_start = .
 *(.ARM.exidx*)
                0x08006818                        __exidx_end = .
                0x08006818                        . = ALIGN (0x4)

.preinit_array  0x08006818        0x0
                0x08006818                        . = ALIGN (0x4)
                0x08006818                        PROVIDE (__preinit_array_start = .)
 *(.preinit_array*)
                0x08006818                        PROVIDE (__preinit_array_end = .)
                0x08006818                        . = ALIGN (0x4)

.init_array     0x08006818        0x4
                0x08006818                        . = ALIGN (0x4)
                0x08006818                        PROVIDE (__init_array_start = .)
 *(SORT_BY_NAME(.init_array.*))
 *(.init_array*)
 .init_array    0x08006818        0x4 E:/tool/arm/arm-gnu-toolchain-14.3.rel1-mingw-w64-i686-arm-none-eabi/bin/../lib/gcc/arm-none-eabi/14.3.1/thumb/v7-m/nofp/crtbegin.o
                0x0800681c                        PROVIDE (__init_array_end = .)
                0x0800681c                        . = ALIGN (0x4)

.fini_array     0x0800681c        0x4
                0x0800681c                        . = ALIGN (0x4)
                [!provide]                        PROVIDE (__fini_array_start = .)
 *(SORT_BY_NAME(.fini_array.*))
 *(.fini_array*)
 .fini_array    0x0800681c        0x4 E:/tool/arm/arm-gnu-toolchain-14.3.rel1-mingw-w64-i686-arm-none-eabi/bin/../lib/gcc/arm-none-eabi/14.3.1/thumb/v7-m/nofp/crtbegin.o
                [!provide]                        PROVIDE (__fini_array_end = .)
                0x08006820                        . = ALIGN (0x4)
                0x08006820                        _sidata = LOADADDR (.data)

.rel.dyn        0x08006820        0x0
 .rel.iplt      0x08006820        0x0 E:/tool/arm/arm-gnu-toolchain-14.3.rel1-mingw-w64-i686-arm-none-eabi/bin/../lib/gcc/arm-none-eabi/14.3.1/thumb/v7-m/nofp/crtbegin.o

.data           0x20000000        0xc load address 0x08006820
                0x20000000                        . = ALIGN (0x4)
                0x20000000                        _sdata = .
 *(.data)
 *(.data*)
 .data.SystemCoreClock
                0x20000000        0x4 cmake/stm32cubemx/CMakeFiles/STM32_Drivers.dir/__/__/Core/Src/system_stm32f1xx.c.obj
                0x20000000                SystemCoreClock
 .data.uwTickPrio
                0x20000004        0x4 cmake/stm32cubemx/CMakeFiles/STM32_Drivers.dir/__/__/Drivers/STM32F1xx_HAL_Driver/Src/stm32f1xx_hal.c.obj
                0x20000004                uwTickPrio
 .data.uwTickFreq
                0x20000008        0x1 cmake/stm32cubemx/CMakeFiles/STM32_Drivers.dir/__/__/Drivers/STM32F1xx_HAL_Driver/Src/stm32f1xx_hal.c.obj
                0x20000008                uwTickFreq
 *(.RamFunc)
 *(.RamFunc*)
                0x2000000c                        . = ALIGN (0x4)
 *fill*         0x20000009        0x3 

.tm_clone_table
                0x2000000c        0x0 load address 0x0800682c
 .tm_clone_table
                0x2000000c        0x0 E:/tool/arm/arm-gnu-toolchain-14.3.rel1-mingw-w64-i686-arm-none-eabi/bin/../lib/gcc/arm-none-eabi/14.3.1/thumb/v7-m/nofp/crtbegin.o
 .tm_clone_table
                0x2000000c        0x0 E:/tool/arm/arm-gnu-toolchain-14.3.rel1-mingw-w64-i686-arm-none-eabi/bin/../lib/gcc/arm-none-eabi/14.3.1/thumb/v7-m/nofp/crtend.o

.igot.plt       0x2000000c        0x0 load address 0x0800682c
 .igot.plt      0x2000000c        0x0 E:/tool/arm/arm-gnu-toolchain-14.3.rel1-mingw-w64-i686-arm-none-eabi/bin/../lib/gcc/arm-none-eabi/14.3.1/thumb/v7-m/nofp/crtbegin.o

.tdata          0x2000000c        0x0 load address 0x0800682c
 *(.tdata .tdata.* .gnu.linkonce.td.*)
                0x2000000c                        . = ALIGN (0x4)
                0x2000000c                        _edata = .
                [!provide]                        PROVIDE (__data_end = .)
                [!provide]                        PROVIDE (__tdata_end = .)
                [!provide]                        PROVIDE (__tdata_start = ADDR (.tdata))
                [!provide]                        PROVIDE (__tdata_size = (__tdata_end - __tdata_start))
                [!provide]                        PROVIDE (__data_start = ADDR (.data))
                [!provide]                        PROVIDE (__data_size = (__data_end - __data_start))
                [!provide]                        PROVIDE (__tdata_source = LOADADDR (.tdata))
                [!provide]                        PROVIDE (__tdata_source_end = (LOADADDR (.tdata) + SIZEOF (.tdata)))
                [!provide]                        PROVIDE (__tdata_source_size = (__tdata_source_end - __tdata_source))
                [!provide]                        PROVIDE (__data_source = LOADADDR (.data))
                [!provide]                        PROVIDE (__data_source_end = __tdata_source_end)
                [!provide]                        PROVIDE (__data_source_size = (__data_source_end - __data_source))

.tbss           0x2000000c        0x0 load address 0x0800682c
                0x2000000c                        _sbss = .
                0x2000000c                        __bss_start__ = _sbss
 *(.tbss .tbss.*)
                0x2000000c                        . = ALIGN (0x4)
                [!provide]                        PROVIDE (__tbss_end = .)
                [!provide]                        PROVIDE (__tbss_start = ADDR (.tbss))
                [!provide]                        PROVIDE (__tbss_size = (__tbss_end - __tbss_start))
                [!provide]                        PROVIDE (__tbss_offset = (ADDR (.tbss) - ADDR (.tdata)))
                [!provide]                        PROVIDE (__tls_base = __tdata_start)
                [!provide]                        PROVIDE (__tls_end = __tbss_end)
                [!provide]                        PROVIDE (__tls_size = (__tls_end - __tls_base))
                [!provide]                        PROVIDE (__tls_align = MAX (ALIGNOF (.tdata), ALIGNOF (.tbss)))
                [!provide]                        PROVIDE (__tls_size_align = (((__tls_size + __tls_align) - 0x1) & ~ ((__tls_align - 0x1))))
                [!provide]                        PROVIDE (__arm32_tls_tcb_offset = MAX (0x8, __tls_align))
                [!provide]                        PROVIDE (__arm64_tls_tcb_offset = MAX (0x10, __tls_align))

.bss            0x2000000c      0x1ac load address 0x0800682c
 *(.bss)
 *(.bss*)
 .bss.completed.1
                0x2000000c        0x1 E:/tool/arm/arm-gnu-toolchain-14.3.rel1-mingw-w64-i686-arm-none-eabi/bin/../lib/gcc/arm-none-eabi/14.3.1/thumb/v7-m/nofp/crtbegin.o
 *fill*         0x2000000d        0x3 
 .bss.object.0  0x20000010       0x18 E:/tool/arm/arm-gnu-toolchain-14.3.rel1-mingw-w64-i686-arm-none-eabi/bin/../lib/gcc/arm-none-eabi/14.3.1/thumb/v7-m/nofp/crtbegin.o
 .bss.uwTick    0x20000028        0x4 cmake/stm32cubemx/CMakeFiles/STM32_Drivers.dir/__/__/Drivers/STM32F1xx_HAL_Driver/Src/stm32f1xx_hal.c.obj
                0x20000028                uwTick
 .bss.htim3     0x2000002c       0x48 CMakeFiles/project.dir/Core/Src/tim.c.obj
                0x2000002c                htim3
 .bss.huart1    0x20000074       0x48 CMakeFiles/project.dir/Core/Src/usart.c.obj
                0x20000074                huart1
 .bss.huart2    0x200000bc       0x48 CMakeFiles/project.dir/Core/Src/usart.c.obj
                0x200000bc                huart2
 .bss.hdma_usart1_tx
                0x20000104       0x44 CMakeFiles/project.dir/Core/Src/usart.c.obj
                0x20000104                hdma_usart1_tx
 .bss.hdma_usart2_rx
                0x20000148       0x44 CMakeFiles/project.dir/Core/Src/usart.c.obj
                0x20000148                hdma_usart2_rx
 .bss.rx_data   0x2000018c        0x9 CMakeFiles/project.dir/forder/task.c.obj
                0x2000018c                rx_data
 *fill*         0x20000195        0x3 
 .bss.tx_data   0x20000198        0x9 CMakeFiles/project.dir/forder/task.c.obj
                0x20000198                tx_data
 *fill*         0x200001a1        0x3 
 .bss.true_tick
                0x200001a4        0x4 CMakeFiles/project.dir/forder/task.c.obj
                0x200001a4                true_tick
 .bss.UartTransmitDate
                0x200001a8        0x8 CMakeFiles/project.dir/forder/task.c.obj
                0x200001a8                UartTransmitDate
 .bss.UartReceiveDate
                0x200001b0        0x8 CMakeFiles/project.dir/forder/task.c.obj
                0x200001b0                UartReceiveDate
 *(COMMON)
                0x200001b8                        . = ALIGN (0x4)
                0x200001b8                        _ebss = .
                0x200001b8                        __bss_end__ = _ebss
                [!provide]                        PROVIDE (__bss_end = .)
                [!provide]                        PROVIDE (__non_tls_bss_start = ADDR (.bss))
                [!provide]                        PROVIDE (__bss_start = __tbss_start)
                [!provide]                        PROVIDE (__bss_size = (__bss_end - __bss_start))

._user_heap_stack
                0x200001b8      0x600 load address 0x0800682c
                0x200001b8                        . = ALIGN (0x8)
                [!provide]                        PROVIDE (end = .)
                0x200001b8                        PROVIDE (_end = .)
                0x200003b8                        . = (. + _Min_Heap_Size)
 *fill*         0x200001b8      0x200 
                0x200007b8                        . = (. + _Min_Stack_Size)
 *fill*         0x200003b8      0x400 
                0x200007b8                        . = ALIGN (0x8)

/DISCARD/
 libc.a:*(*)
 libm.a:*(*)
 libgcc.a:*(*)
OUTPUT(E:\RM\project\build\project.elf elf32-littlearm)
LOAD linker stubs

.ARM.attributes
                0x00000000       0x29
 .ARM.attributes
                0x00000000       0x1d E:/tool/arm/arm-gnu-toolchain-14.3.rel1-mingw-w64-i686-arm-none-eabi/bin/../lib/gcc/arm-none-eabi/14.3.1/thumb/v7-m/nofp/crti.o
 .ARM.attributes
                0x0000001d       0x2d E:/tool/arm/arm-gnu-toolchain-14.3.rel1-mingw-w64-i686-arm-none-eabi/bin/../lib/gcc/arm-none-eabi/14.3.1/thumb/v7-m/nofp/crtbegin.o
 .ARM.attributes
                0x0000004a       0x2d cmake/stm32cubemx/CMakeFiles/STM32_Drivers.dir/__/__/Core/Src/system_stm32f1xx.c.obj
 .ARM.attributes
                0x00000077       0x2d cmake/stm32cubemx/CMakeFiles/STM32_Drivers.dir/__/__/Drivers/STM32F1xx_HAL_Driver/Src/stm32f1xx_hal_tim.c.obj
 .ARM.attributes
                0x000000a4       0x2d cmake/stm32cubemx/CMakeFiles/STM32_Drivers.dir/__/__/Drivers/STM32F1xx_HAL_Driver/Src/stm32f1xx_hal_tim_ex.c.obj
 .ARM.attributes
                0x000000d1       0x2d cmake/stm32cubemx/CMakeFiles/STM32_Drivers.dir/__/__/Drivers/STM32F1xx_HAL_Driver/Src/stm32f1xx_hal.c.obj
 .ARM.attributes
                0x000000fe       0x2d cmake/stm32cubemx/CMakeFiles/STM32_Drivers.dir/__/__/Drivers/STM32F1xx_HAL_Driver/Src/stm32f1xx_hal_rcc.c.obj
 .ARM.attributes
                0x0000012b       0x2d cmake/stm32cubemx/CMakeFiles/STM32_Drivers.dir/__/__/Drivers/STM32F1xx_HAL_Driver/Src/stm32f1xx_hal_gpio.c.obj
 .ARM.attributes
                0x00000158       0x2d cmake/stm32cubemx/CMakeFiles/STM32_Drivers.dir/__/__/Drivers/STM32F1xx_HAL_Driver/Src/stm32f1xx_hal_dma.c.obj
 .ARM.attributes
                0x00000185       0x2d cmake/stm32cubemx/CMakeFiles/STM32_Drivers.dir/__/__/Drivers/STM32F1xx_HAL_Driver/Src/stm32f1xx_hal_cortex.c.obj
 .ARM.attributes
                0x000001b2       0x2d cmake/stm32cubemx/CMakeFiles/STM32_Drivers.dir/__/__/Drivers/STM32F1xx_HAL_Driver/Src/stm32f1xx_hal_uart.c.obj
 .ARM.attributes
                0x000001df       0x2d CMakeFiles/project.dir/Core/Src/dma.c.obj
 .ARM.attributes
                0x0000020c       0x2d CMakeFiles/project.dir/Core/Src/gpio.c.obj
 .ARM.attributes
                0x00000239       0x2d CMakeFiles/project.dir/Core/Src/main.c.obj
 .ARM.attributes
                0x00000266       0x2d CMakeFiles/project.dir/Core/Src/stm32f1xx_hal_msp.c.obj
 .ARM.attributes
                0x00000293       0x2d CMakeFiles/project.dir/Core/Src/stm32f1xx_it.c.obj
 .ARM.attributes
                0x000002c0       0x2d CMakeFiles/project.dir/Core/Src/tim.c.obj
 .ARM.attributes
                0x000002ed       0x2d CMakeFiles/project.dir/Core/Src/usart.c.obj
 .ARM.attributes
                0x0000031a       0x2d CMakeFiles/project.dir/forder/task.c.obj
 .ARM.attributes
                0x00000347       0x21 CMakeFiles/project.dir/startup_stm32f103xb.s.obj
 .ARM.attributes
                0x00000368       0x2d E:/tool/arm/arm-gnu-toolchain-14.3.rel1-mingw-w64-i686-arm-none-eabi/bin/../lib/gcc/arm-none-eabi/14.3.1/../../../../arm-none-eabi/lib/thumb/v7-m/nofp\libm.a(libm_a-s_sin.o)
 .ARM.attributes
                0x00000395       0x2d E:/tool/arm/arm-gnu-toolchain-14.3.rel1-mingw-w64-i686-arm-none-eabi/bin/../lib/gcc/arm-none-eabi/14.3.1/../../../../arm-none-eabi/lib/thumb/v7-m/nofp\libm.a(libm_a-k_cos.o)
 .ARM.attributes
                0x000003c2       0x2d E:/tool/arm/arm-gnu-toolchain-14.3.rel1-mingw-w64-i686-arm-none-eabi/bin/../lib/gcc/arm-none-eabi/14.3.1/../../../../arm-none-eabi/lib/thumb/v7-m/nofp\libm.a(libm_a-k_sin.o)
 .ARM.attributes
                0x000003ef       0x2d E:/tool/arm/arm-gnu-toolchain-14.3.rel1-mingw-w64-i686-arm-none-eabi/bin/../lib/gcc/arm-none-eabi/14.3.1/../../../../arm-none-eabi/lib/thumb/v7-m/nofp\libm.a(libm_a-e_rem_pio2.o)
 .ARM.attributes
                0x0000041c       0x2d E:/tool/arm/arm-gnu-toolchain-14.3.rel1-mingw-w64-i686-arm-none-eabi/bin/../lib/gcc/arm-none-eabi/14.3.1/../../../../arm-none-eabi/lib/thumb/v7-m/nofp\libm.a(libm_a-s_fabs.o)
 .ARM.attributes
                0x00000449       0x2d E:/tool/arm/arm-gnu-toolchain-14.3.rel1-mingw-w64-i686-arm-none-eabi/bin/../lib/gcc/arm-none-eabi/14.3.1/../../../../arm-none-eabi/lib/thumb/v7-m/nofp\libm.a(libm_a-k_rem_pio2.o)
 .ARM.attributes
                0x00000476       0x2d E:/tool/arm/arm-gnu-toolchain-14.3.rel1-mingw-w64-i686-arm-none-eabi/bin/../lib/gcc/arm-none-eabi/14.3.1/../../../../arm-none-eabi/lib/thumb/v7-m/nofp\libm.a(libm_a-s_scalbn.o)
 .ARM.attributes
                0x000004a3       0x2d E:/tool/arm/arm-gnu-toolchain-14.3.rel1-mingw-w64-i686-arm-none-eabi/bin/../lib/gcc/arm-none-eabi/14.3.1/../../../../arm-none-eabi/lib/thumb/v7-m/nofp\libm.a(libm_a-s_floor.o)
 .ARM.attributes
                0x000004d0       0x1d E:/tool/arm/arm-gnu-toolchain-14.3.rel1-mingw-w64-i686-arm-none-eabi/bin/../lib/gcc/arm-none-eabi/14.3.1/thumb/v7-m/nofp\libgcc.a(_arm_muldf3.o)
 .ARM.attributes
                0x000004ed       0x1d E:/tool/arm/arm-gnu-toolchain-14.3.rel1-mingw-w64-i686-arm-none-eabi/bin/../lib/gcc/arm-none-eabi/14.3.1/thumb/v7-m/nofp\libgcc.a(_arm_addsubdf3.o)
 .ARM.attributes
                0x0000050a       0x1d E:/tool/arm/arm-gnu-toolchain-14.3.rel1-mingw-w64-i686-arm-none-eabi/bin/../lib/gcc/arm-none-eabi/14.3.1/thumb/v7-m/nofp\libgcc.a(_arm_cmpdf2.o)
 .ARM.attributes
                0x00000527       0x1d E:/tool/arm/arm-gnu-toolchain-14.3.rel1-mingw-w64-i686-arm-none-eabi/bin/../lib/gcc/arm-none-eabi/14.3.1/thumb/v7-m/nofp\libgcc.a(_arm_fixdfsi.o)
 .ARM.attributes
                0x00000544       0x1d E:/tool/arm/arm-gnu-toolchain-14.3.rel1-mingw-w64-i686-arm-none-eabi/bin/../lib/gcc/arm-none-eabi/14.3.1/thumb/v7-m/nofp\libgcc.a(_arm_truncdfsf2.o)
 .ARM.attributes
                0x00000561       0x1d E:/tool/arm/arm-gnu-toolchain-14.3.rel1-mingw-w64-i686-arm-none-eabi/bin/../lib/gcc/arm-none-eabi/14.3.1/thumb/v7-m/nofp\libgcc.a(_arm_addsubsf3.o)
 .ARM.attributes
                0x0000057e       0x1d E:/tool/arm/arm-gnu-toolchain-14.3.rel1-mingw-w64-i686-arm-none-eabi/bin/../lib/gcc/arm-none-eabi/14.3.1/thumb/v7-m/nofp\libgcc.a(_arm_muldivsf3.o)
 .ARM.attributes
                0x0000059b       0x1d E:/tool/arm/arm-gnu-toolchain-14.3.rel1-mingw-w64-i686-arm-none-eabi/bin/../lib/gcc/arm-none-eabi/14.3.1/thumb/v7-m/nofp\libgcc.a(_arm_fixsfsi.o)
 .ARM.attributes
                0x000005b8       0x2d E:/tool/arm/arm-gnu-toolchain-14.3.rel1-mingw-w64-i686-arm-none-eabi/bin/../lib/gcc/arm-none-eabi/14.3.1/../../../../arm-none-eabi/lib/thumb/v7-m/nofp\libg_nano.a(libc_a-memset.o)
 .ARM.attributes
                0x000005e5       0x2d E:/tool/arm/arm-gnu-toolchain-14.3.rel1-mingw-w64-i686-arm-none-eabi/bin/../lib/gcc/arm-none-eabi/14.3.1/../../../../arm-none-eabi/lib/thumb/v7-m/nofp\libg_nano.a(libc_a-init.o)
 .ARM.attributes
                0x00000612       0x2d E:/tool/arm/arm-gnu-toolchain-14.3.rel1-mingw-w64-i686-arm-none-eabi/bin/../lib/gcc/arm-none-eabi/14.3.1/thumb/v7-m/nofp/crtend.o
 .ARM.attributes
                0x0000063f       0x1d E:/tool/arm/arm-gnu-toolchain-14.3.rel1-mingw-w64-i686-arm-none-eabi/bin/../lib/gcc/arm-none-eabi/14.3.1/thumb/v7-m/nofp/crtn.o

.comment        0x00000000       0x46
 .comment       0x00000000       0x46 cmake/stm32cubemx/CMakeFiles/STM32_Drivers.dir/__/__/Core/Src/system_stm32f1xx.c.obj
                                 0x47 (size before relaxing)
 .comment       0x00000046       0x47 cmake/stm32cubemx/CMakeFiles/STM32_Drivers.dir/__/__/Drivers/STM32F1xx_HAL_Driver/Src/stm32f1xx_hal_tim.c.obj
 .comment       0x00000046       0x47 cmake/stm32cubemx/CMakeFiles/STM32_Drivers.dir/__/__/Drivers/STM32F1xx_HAL_Driver/Src/stm32f1xx_hal_tim_ex.c.obj
 .comment       0x00000046       0x47 cmake/stm32cubemx/CMakeFiles/STM32_Drivers.dir/__/__/Drivers/STM32F1xx_HAL_Driver/Src/stm32f1xx_hal.c.obj
 .comment       0x00000046       0x47 cmake/stm32cubemx/CMakeFiles/STM32_Drivers.dir/__/__/Drivers/STM32F1xx_HAL_Driver/Src/stm32f1xx_hal_rcc.c.obj
 .comment       0x00000046       0x47 cmake/stm32cubemx/CMakeFiles/STM32_Drivers.dir/__/__/Drivers/STM32F1xx_HAL_Driver/Src/stm32f1xx_hal_gpio.c.obj
 .comment       0x00000046       0x47 cmake/stm32cubemx/CMakeFiles/STM32_Drivers.dir/__/__/Drivers/STM32F1xx_HAL_Driver/Src/stm32f1xx_hal_dma.c.obj
 .comment       0x00000046       0x47 cmake/stm32cubemx/CMakeFiles/STM32_Drivers.dir/__/__/Drivers/STM32F1xx_HAL_Driver/Src/stm32f1xx_hal_cortex.c.obj
 .comment       0x00000046       0x47 cmake/stm32cubemx/CMakeFiles/STM32_Drivers.dir/__/__/Drivers/STM32F1xx_HAL_Driver/Src/stm32f1xx_hal_uart.c.obj
 .comment       0x00000046       0x47 CMakeFiles/project.dir/Core/Src/dma.c.obj
 .comment       0x00000046       0x47 CMakeFiles/project.dir/Core/Src/gpio.c.obj
 .comment       0x00000046       0x47 CMakeFiles/project.dir/Core/Src/main.c.obj
 .comment       0x00000046       0x47 CMakeFiles/project.dir/Core/Src/stm32f1xx_hal_msp.c.obj
 .comment       0x00000046       0x47 CMakeFiles/project.dir/Core/Src/stm32f1xx_it.c.obj
 .comment       0x00000046       0x47 CMakeFiles/project.dir/Core/Src/tim.c.obj
 .comment       0x00000046       0x47 CMakeFiles/project.dir/Core/Src/usart.c.obj
 .comment       0x00000046       0x47 CMakeFiles/project.dir/forder/task.c.obj

.debug_info     0x00000000     0xcb4d
 .debug_info    0x00000000      0x222 cmake/stm32cubemx/CMakeFiles/STM32_Drivers.dir/__/__/Core/Src/system_stm32f1xx.c.obj
 .debug_info    0x00000222     0x29c3 cmake/stm32cubemx/CMakeFiles/STM32_Drivers.dir/__/__/Drivers/STM32F1xx_HAL_Driver/Src/stm32f1xx_hal_tim.c.obj
 .debug_info    0x00002be5     0x14ef cmake/stm32cubemx/CMakeFiles/STM32_Drivers.dir/__/__/Drivers/STM32F1xx_HAL_Driver/Src/stm32f1xx_hal_tim_ex.c.obj
 .debug_info    0x000040d4      0x73b cmake/stm32cubemx/CMakeFiles/STM32_Drivers.dir/__/__/Drivers/STM32F1xx_HAL_Driver/Src/stm32f1xx_hal.c.obj
 .debug_info    0x0000480f      0x7f0 cmake/stm32cubemx/CMakeFiles/STM32_Drivers.dir/__/__/Drivers/STM32F1xx_HAL_Driver/Src/stm32f1xx_hal_rcc.c.obj
 .debug_info    0x00004fff      0x5dc cmake/stm32cubemx/CMakeFiles/STM32_Drivers.dir/__/__/Drivers/STM32F1xx_HAL_Driver/Src/stm32f1xx_hal_gpio.c.obj
 .debug_info    0x000055db      0x707 cmake/stm32cubemx/CMakeFiles/STM32_Drivers.dir/__/__/Drivers/STM32F1xx_HAL_Driver/Src/stm32f1xx_hal_dma.c.obj
 .debug_info    0x00005ce2      0xaa1 cmake/stm32cubemx/CMakeFiles/STM32_Drivers.dir/__/__/Drivers/STM32F1xx_HAL_Driver/Src/stm32f1xx_hal_cortex.c.obj
 .debug_info    0x00006783     0x2f02 cmake/stm32cubemx/CMakeFiles/STM32_Drivers.dir/__/__/Drivers/STM32F1xx_HAL_Driver/Src/stm32f1xx_hal_uart.c.obj
 .debug_info    0x00009685      0x2cf CMakeFiles/project.dir/Core/Src/dma.c.obj
 .debug_info    0x00009954      0x2d3 CMakeFiles/project.dir/Core/Src/gpio.c.obj
 .debug_info    0x00009c27      0x2f8 CMakeFiles/project.dir/Core/Src/main.c.obj
 .debug_info    0x00009f1f      0x370 CMakeFiles/project.dir/Core/Src/stm32f1xx_hal_msp.c.obj
 .debug_info    0x0000a28f      0x9c1 CMakeFiles/project.dir/Core/Src/stm32f1xx_it.c.obj
 .debug_info    0x0000ac50      0x9bb CMakeFiles/project.dir/Core/Src/tim.c.obj
 .debug_info    0x0000b60b      0x9cd CMakeFiles/project.dir/Core/Src/usart.c.obj
 .debug_info    0x0000bfd8      0xb45 CMakeFiles/project.dir/forder/task.c.obj
 .debug_info    0x0000cb1d       0x30 CMakeFiles/project.dir/startup_stm32f103xb.s.obj

.debug_abbrev   0x00000000     0x21e5
 .debug_abbrev  0x00000000      0x13f cmake/stm32cubemx/CMakeFiles/STM32_Drivers.dir/__/__/Core/Src/system_stm32f1xx.c.obj
 .debug_abbrev  0x0000013f      0x28b cmake/stm32cubemx/CMakeFiles/STM32_Drivers.dir/__/__/Drivers/STM32F1xx_HAL_Driver/Src/stm32f1xx_hal_tim.c.obj
 .debug_abbrev  0x000003ca      0x280 cmake/stm32cubemx/CMakeFiles/STM32_Drivers.dir/__/__/Drivers/STM32F1xx_HAL_Driver/Src/stm32f1xx_hal_tim_ex.c.obj
 .debug_abbrev  0x0000064a      0x209 cmake/stm32cubemx/CMakeFiles/STM32_Drivers.dir/__/__/Drivers/STM32F1xx_HAL_Driver/Src/stm32f1xx_hal.c.obj
 .debug_abbrev  0x00000853      0x2ad cmake/stm32cubemx/CMakeFiles/STM32_Drivers.dir/__/__/Drivers/STM32F1xx_HAL_Driver/Src/stm32f1xx_hal_rcc.c.obj
 .debug_abbrev  0x00000b00      0x1e7 cmake/stm32cubemx/CMakeFiles/STM32_Drivers.dir/__/__/Drivers/STM32F1xx_HAL_Driver/Src/stm32f1xx_hal_gpio.c.obj
 .debug_abbrev  0x00000ce7      0x220 cmake/stm32cubemx/CMakeFiles/STM32_Drivers.dir/__/__/Drivers/STM32F1xx_HAL_Driver/Src/stm32f1xx_hal_dma.c.obj
 .debug_abbrev  0x00000f07      0x2fa cmake/stm32cubemx/CMakeFiles/STM32_Drivers.dir/__/__/Drivers/STM32F1xx_HAL_Driver/Src/stm32f1xx_hal_cortex.c.obj
 .debug_abbrev  0x00001201      0x30d cmake/stm32cubemx/CMakeFiles/STM32_Drivers.dir/__/__/Drivers/STM32F1xx_HAL_Driver/Src/stm32f1xx_hal_uart.c.obj
 .debug_abbrev  0x0000150e       0xfc CMakeFiles/project.dir/Core/Src/dma.c.obj
 .debug_abbrev  0x0000160a      0x13f CMakeFiles/project.dir/Core/Src/gpio.c.obj
 .debug_abbrev  0x00001749      0x186 CMakeFiles/project.dir/Core/Src/main.c.obj
 .debug_abbrev  0x000018cf      0x11e CMakeFiles/project.dir/Core/Src/stm32f1xx_hal_msp.c.obj
 .debug_abbrev  0x000019ed      0x1b6 CMakeFiles/project.dir/Core/Src/stm32f1xx_it.c.obj
 .debug_abbrev  0x00001ba3      0x20e CMakeFiles/project.dir/Core/Src/tim.c.obj
 .debug_abbrev  0x00001db1      0x221 CMakeFiles/project.dir/Core/Src/usart.c.obj
 .debug_abbrev  0x00001fd2      0x1ef CMakeFiles/project.dir/forder/task.c.obj
 .debug_abbrev  0x000021c1       0x24 CMakeFiles/project.dir/startup_stm32f103xb.s.obj

.debug_aranges  0x00000000      0xcb0
 .debug_aranges
                0x00000000       0x28 cmake/stm32cubemx/CMakeFiles/STM32_Drivers.dir/__/__/Core/Src/system_stm32f1xx.c.obj
 .debug_aranges
                0x00000028      0x3d0 cmake/stm32cubemx/CMakeFiles/STM32_Drivers.dir/__/__/Drivers/STM32F1xx_HAL_Driver/Src/stm32f1xx_hal_tim.c.obj
 .debug_aranges
                0x000003f8      0x168 cmake/stm32cubemx/CMakeFiles/STM32_Drivers.dir/__/__/Drivers/STM32F1xx_HAL_Driver/Src/stm32f1xx_hal_tim_ex.c.obj
 .debug_aranges
                0x00000560       0xe0 cmake/stm32cubemx/CMakeFiles/STM32_Drivers.dir/__/__/Drivers/STM32F1xx_HAL_Driver/Src/stm32f1xx_hal.c.obj
 .debug_aranges
                0x00000640       0x90 cmake/stm32cubemx/CMakeFiles/STM32_Drivers.dir/__/__/Drivers/STM32F1xx_HAL_Driver/Src/stm32f1xx_hal_rcc.c.obj
 .debug_aranges
                0x000006d0       0x58 cmake/stm32cubemx/CMakeFiles/STM32_Drivers.dir/__/__/Drivers/STM32F1xx_HAL_Driver/Src/stm32f1xx_hal_gpio.c.obj
 .debug_aranges
                0x00000728       0x80 cmake/stm32cubemx/CMakeFiles/STM32_Drivers.dir/__/__/Drivers/STM32F1xx_HAL_Driver/Src/stm32f1xx_hal_dma.c.obj
 .debug_aranges
                0x000007a8      0x100 cmake/stm32cubemx/CMakeFiles/STM32_Drivers.dir/__/__/Drivers/STM32F1xx_HAL_Driver/Src/stm32f1xx_hal_cortex.c.obj
 .debug_aranges
                0x000008a8      0x208 cmake/stm32cubemx/CMakeFiles/STM32_Drivers.dir/__/__/Drivers/STM32F1xx_HAL_Driver/Src/stm32f1xx_hal_uart.c.obj
 .debug_aranges
                0x00000ab0       0x20 CMakeFiles/project.dir/Core/Src/dma.c.obj
 .debug_aranges
                0x00000ad0       0x20 CMakeFiles/project.dir/Core/Src/gpio.c.obj
 .debug_aranges
                0x00000af0       0x38 CMakeFiles/project.dir/Core/Src/main.c.obj
 .debug_aranges
                0x00000b28       0x20 CMakeFiles/project.dir/Core/Src/stm32f1xx_hal_msp.c.obj
 .debug_aranges
                0x00000b48       0x90 CMakeFiles/project.dir/Core/Src/stm32f1xx_it.c.obj
 .debug_aranges
                0x00000bd8       0x30 CMakeFiles/project.dir/Core/Src/tim.c.obj
 .debug_aranges
                0x00000c08       0x38 CMakeFiles/project.dir/Core/Src/usart.c.obj
 .debug_aranges
                0x00000c40       0x48 CMakeFiles/project.dir/forder/task.c.obj
 .debug_aranges
                0x00000c88       0x28 CMakeFiles/project.dir/startup_stm32f103xb.s.obj

.debug_rnglists
                0x00000000      0x9ec
 .debug_rnglists
                0x00000000       0x1a cmake/stm32cubemx/CMakeFiles/STM32_Drivers.dir/__/__/Core/Src/system_stm32f1xx.c.obj
 .debug_rnglists
                0x0000001a      0x321 cmake/stm32cubemx/CMakeFiles/STM32_Drivers.dir/__/__/Drivers/STM32F1xx_HAL_Driver/Src/stm32f1xx_hal_tim.c.obj
 .debug_rnglists
                0x0000033b      0x127 cmake/stm32cubemx/CMakeFiles/STM32_Drivers.dir/__/__/Drivers/STM32F1xx_HAL_Driver/Src/stm32f1xx_hal_tim_ex.c.obj
 .debug_rnglists
                0x00000462       0xa3 cmake/stm32cubemx/CMakeFiles/STM32_Drivers.dir/__/__/Drivers/STM32F1xx_HAL_Driver/Src/stm32f1xx_hal.c.obj
 .debug_rnglists
                0x00000505       0x6e cmake/stm32cubemx/CMakeFiles/STM32_Drivers.dir/__/__/Drivers/STM32F1xx_HAL_Driver/Src/stm32f1xx_hal_rcc.c.obj
 .debug_rnglists
                0x00000573       0x40 cmake/stm32cubemx/CMakeFiles/STM32_Drivers.dir/__/__/Drivers/STM32F1xx_HAL_Driver/Src/stm32f1xx_hal_gpio.c.obj
 .debug_rnglists
                0x000005b3       0x64 cmake/stm32cubemx/CMakeFiles/STM32_Drivers.dir/__/__/Drivers/STM32F1xx_HAL_Driver/Src/stm32f1xx_hal_dma.c.obj
 .debug_rnglists
                0x00000617       0xbb cmake/stm32cubemx/CMakeFiles/STM32_Drivers.dir/__/__/Drivers/STM32F1xx_HAL_Driver/Src/stm32f1xx_hal_cortex.c.obj
 .debug_rnglists
                0x000006d2      0x1c0 cmake/stm32cubemx/CMakeFiles/STM32_Drivers.dir/__/__/Drivers/STM32F1xx_HAL_Driver/Src/stm32f1xx_hal_uart.c.obj
 .debug_rnglists
                0x00000892       0x13 CMakeFiles/project.dir/Core/Src/dma.c.obj
 .debug_rnglists
                0x000008a5       0x14 CMakeFiles/project.dir/Core/Src/gpio.c.obj
 .debug_rnglists
                0x000008b9       0x26 CMakeFiles/project.dir/Core/Src/main.c.obj
 .debug_rnglists
                0x000008df       0x13 CMakeFiles/project.dir/Core/Src/stm32f1xx_hal_msp.c.obj
 .debug_rnglists
                0x000008f2       0x67 CMakeFiles/project.dir/Core/Src/stm32f1xx_it.c.obj
 .debug_rnglists
                0x00000959       0x20 CMakeFiles/project.dir/Core/Src/tim.c.obj
 .debug_rnglists
                0x00000979       0x27 CMakeFiles/project.dir/Core/Src/usart.c.obj
 .debug_rnglists
                0x000009a0       0x33 CMakeFiles/project.dir/forder/task.c.obj
 .debug_rnglists
                0x000009d3       0x19 CMakeFiles/project.dir/startup_stm32f103xb.s.obj

.debug_macro    0x00000000    0x183a6
 .debug_macro   0x00000000      0x1a3 cmake/stm32cubemx/CMakeFiles/STM32_Drivers.dir/__/__/Core/Src/system_stm32f1xx.c.obj
 .debug_macro   0x000001a3      0xacc cmake/stm32cubemx/CMakeFiles/STM32_Drivers.dir/__/__/Core/Src/system_stm32f1xx.c.obj
 .debug_macro   0x00000c6f       0x2e cmake/stm32cubemx/CMakeFiles/STM32_Drivers.dir/__/__/Core/Src/system_stm32f1xx.c.obj
 .debug_macro   0x00000c9d       0x22 cmake/stm32cubemx/CMakeFiles/STM32_Drivers.dir/__/__/Core/Src/system_stm32f1xx.c.obj
 .debug_macro   0x00000cbf       0x22 cmake/stm32cubemx/CMakeFiles/STM32_Drivers.dir/__/__/Core/Src/system_stm32f1xx.c.obj
 .debug_macro   0x00000ce1       0x8e cmake/stm32cubemx/CMakeFiles/STM32_Drivers.dir/__/__/Core/Src/system_stm32f1xx.c.obj
 .debug_macro   0x00000d6f       0x51 cmake/stm32cubemx/CMakeFiles/STM32_Drivers.dir/__/__/Core/Src/system_stm32f1xx.c.obj
 .debug_macro   0x00000dc0      0x103 cmake/stm32cubemx/CMakeFiles/STM32_Drivers.dir/__/__/Core/Src/system_stm32f1xx.c.obj
 .debug_macro   0x00000ec3       0x6a cmake/stm32cubemx/CMakeFiles/STM32_Drivers.dir/__/__/Core/Src/system_stm32f1xx.c.obj
 .debug_macro   0x00000f2d      0x1df cmake/stm32cubemx/CMakeFiles/STM32_Drivers.dir/__/__/Core/Src/system_stm32f1xx.c.obj
 .debug_macro   0x0000110c       0x1c cmake/stm32cubemx/CMakeFiles/STM32_Drivers.dir/__/__/Core/Src/system_stm32f1xx.c.obj
 .debug_macro   0x00001128       0x22 cmake/stm32cubemx/CMakeFiles/STM32_Drivers.dir/__/__/Core/Src/system_stm32f1xx.c.obj
 .debug_macro   0x0000114a       0xbd cmake/stm32cubemx/CMakeFiles/STM32_Drivers.dir/__/__/Core/Src/system_stm32f1xx.c.obj
 .debug_macro   0x00001207      0xd23 cmake/stm32cubemx/CMakeFiles/STM32_Drivers.dir/__/__/Core/Src/system_stm32f1xx.c.obj
 .debug_macro   0x00001f2a     0xe09e cmake/stm32cubemx/CMakeFiles/STM32_Drivers.dir/__/__/Core/Src/system_stm32f1xx.c.obj
 .debug_macro   0x0000ffc8       0x6d cmake/stm32cubemx/CMakeFiles/STM32_Drivers.dir/__/__/Core/Src/system_stm32f1xx.c.obj
 .debug_macro   0x00010035      0x228 cmake/stm32cubemx/CMakeFiles/STM32_Drivers.dir/__/__/Core/Src/system_stm32f1xx.c.obj
 .debug_macro   0x0001025d     0x34a2 cmake/stm32cubemx/CMakeFiles/STM32_Drivers.dir/__/__/Core/Src/system_stm32f1xx.c.obj
 .debug_macro   0x000136ff      0x190 cmake/stm32cubemx/CMakeFiles/STM32_Drivers.dir/__/__/Core/Src/system_stm32f1xx.c.obj
 .debug_macro   0x0001388f       0x5c cmake/stm32cubemx/CMakeFiles/STM32_Drivers.dir/__/__/Core/Src/system_stm32f1xx.c.obj
 .debug_macro   0x000138eb      0x5bc cmake/stm32cubemx/CMakeFiles/STM32_Drivers.dir/__/__/Core/Src/system_stm32f1xx.c.obj
 .debug_macro   0x00013ea7      0x289 cmake/stm32cubemx/CMakeFiles/STM32_Drivers.dir/__/__/Core/Src/system_stm32f1xx.c.obj
 .debug_macro   0x00014130      0x1cb cmake/stm32cubemx/CMakeFiles/STM32_Drivers.dir/__/__/Core/Src/system_stm32f1xx.c.obj
 .debug_macro   0x000142fb      0x114 cmake/stm32cubemx/CMakeFiles/STM32_Drivers.dir/__/__/Core/Src/system_stm32f1xx.c.obj
 .debug_macro   0x0001440f      0x1b2 cmake/stm32cubemx/CMakeFiles/STM32_Drivers.dir/__/__/Core/Src/system_stm32f1xx.c.obj
 .debug_macro   0x000145c1       0x27 cmake/stm32cubemx/CMakeFiles/STM32_Drivers.dir/__/__/Core/Src/system_stm32f1xx.c.obj
 .debug_macro   0x000145e8      0x136 cmake/stm32cubemx/CMakeFiles/STM32_Drivers.dir/__/__/Core/Src/system_stm32f1xx.c.obj
 .debug_macro   0x0001471e      0x1bc cmake/stm32cubemx/CMakeFiles/STM32_Drivers.dir/__/__/Core/Src/system_stm32f1xx.c.obj
 .debug_macro   0x000148da       0x34 cmake/stm32cubemx/CMakeFiles/STM32_Drivers.dir/__/__/Core/Src/system_stm32f1xx.c.obj
 .debug_macro   0x0001490e       0x3c cmake/stm32cubemx/CMakeFiles/STM32_Drivers.dir/__/__/Core/Src/system_stm32f1xx.c.obj
 .debug_macro   0x0001494a       0x57 cmake/stm32cubemx/CMakeFiles/STM32_Drivers.dir/__/__/Core/Src/system_stm32f1xx.c.obj
 .debug_macro   0x000149a1       0x87 cmake/stm32cubemx/CMakeFiles/STM32_Drivers.dir/__/__/Core/Src/system_stm32f1xx.c.obj
 .debug_macro   0x00014a28      0x240 cmake/stm32cubemx/CMakeFiles/STM32_Drivers.dir/__/__/Core/Src/system_stm32f1xx.c.obj
 .debug_macro   0x00014c68      0x140 cmake/stm32cubemx/CMakeFiles/STM32_Drivers.dir/__/__/Core/Src/system_stm32f1xx.c.obj
 .debug_macro   0x00014da8      0x8ed cmake/stm32cubemx/CMakeFiles/STM32_Drivers.dir/__/__/Core/Src/system_stm32f1xx.c.obj
 .debug_macro   0x00015695      0x28e cmake/stm32cubemx/CMakeFiles/STM32_Drivers.dir/__/__/Core/Src/system_stm32f1xx.c.obj
 .debug_macro   0x00015923       0x83 cmake/stm32cubemx/CMakeFiles/STM32_Drivers.dir/__/__/Core/Src/system_stm32f1xx.c.obj
 .debug_macro   0x000159a6      0x1a4 cmake/stm32cubemx/CMakeFiles/STM32_Drivers.dir/__/__/Drivers/STM32F1xx_HAL_Driver/Src/stm32f1xx_hal_tim.c.obj
 .debug_macro   0x00015b4a      0x1a3 cmake/stm32cubemx/CMakeFiles/STM32_Drivers.dir/__/__/Drivers/STM32F1xx_HAL_Driver/Src/stm32f1xx_hal_tim_ex.c.obj
 .debug_macro   0x00015ced      0x1c7 cmake/stm32cubemx/CMakeFiles/STM32_Drivers.dir/__/__/Drivers/STM32F1xx_HAL_Driver/Src/stm32f1xx_hal.c.obj
 .debug_macro   0x00015eb4      0x1b5 cmake/stm32cubemx/CMakeFiles/STM32_Drivers.dir/__/__/Drivers/STM32F1xx_HAL_Driver/Src/stm32f1xx_hal_rcc.c.obj
 .debug_macro   0x00016069      0x20e cmake/stm32cubemx/CMakeFiles/STM32_Drivers.dir/__/__/Drivers/STM32F1xx_HAL_Driver/Src/stm32f1xx_hal_gpio.c.obj
 .debug_macro   0x00016277      0x1a3 cmake/stm32cubemx/CMakeFiles/STM32_Drivers.dir/__/__/Drivers/STM32F1xx_HAL_Driver/Src/stm32f1xx_hal_dma.c.obj
 .debug_macro   0x0001641a      0x1a3 cmake/stm32cubemx/CMakeFiles/STM32_Drivers.dir/__/__/Drivers/STM32F1xx_HAL_Driver/Src/stm32f1xx_hal_cortex.c.obj
 .debug_macro   0x000165bd      0x1a4 cmake/stm32cubemx/CMakeFiles/STM32_Drivers.dir/__/__/Drivers/STM32F1xx_HAL_Driver/Src/stm32f1xx_hal_uart.c.obj
 .debug_macro   0x00016761      0x1b7 CMakeFiles/project.dir/Core/Src/dma.c.obj
 .debug_macro   0x00016918      0xad2 CMakeFiles/project.dir/Core/Src/dma.c.obj
 .debug_macro   0x000173ea      0x1b7 CMakeFiles/project.dir/Core/Src/gpio.c.obj
 .debug_macro   0x000175a1      0x1e3 CMakeFiles/project.dir/Core/Src/main.c.obj
 .debug_macro   0x00017784      0x1ad CMakeFiles/project.dir/Core/Src/stm32f1xx_hal_msp.c.obj
 .debug_macro   0x00017931      0x1b7 CMakeFiles/project.dir/Core/Src/stm32f1xx_it.c.obj
 .debug_macro   0x00017ae8      0x1b7 CMakeFiles/project.dir/Core/Src/tim.c.obj
 .debug_macro   0x00017c9f      0x1b7 CMakeFiles/project.dir/Core/Src/usart.c.obj
 .debug_macro   0x00017e56      0x308 CMakeFiles/project.dir/forder/task.c.obj
 .debug_macro   0x0001815e       0x7b CMakeFiles/project.dir/forder/task.c.obj
 .debug_macro   0x000181d9      0x19b CMakeFiles/project.dir/forder/task.c.obj
 .debug_macro   0x00018374       0x1c CMakeFiles/project.dir/forder/task.c.obj
 .debug_macro   0x00018390       0x16 CMakeFiles/project.dir/forder/task.c.obj

.debug_line     0x00000000     0xf873
 .debug_line    0x00000000      0x5ee cmake/stm32cubemx/CMakeFiles/STM32_Drivers.dir/__/__/Core/Src/system_stm32f1xx.c.obj
 .debug_line    0x000005ee     0x48f5 cmake/stm32cubemx/CMakeFiles/STM32_Drivers.dir/__/__/Drivers/STM32F1xx_HAL_Driver/Src/stm32f1xx_hal_tim.c.obj
 .debug_line    0x00004ee3     0x1ad6 cmake/stm32cubemx/CMakeFiles/STM32_Drivers.dir/__/__/Drivers/STM32F1xx_HAL_Driver/Src/stm32f1xx_hal_tim_ex.c.obj
 .debug_line    0x000069b9      0x833 cmake/stm32cubemx/CMakeFiles/STM32_Drivers.dir/__/__/Drivers/STM32F1xx_HAL_Driver/Src/stm32f1xx_hal.c.obj
 .debug_line    0x000071ec      0xead cmake/stm32cubemx/CMakeFiles/STM32_Drivers.dir/__/__/Drivers/STM32F1xx_HAL_Driver/Src/stm32f1xx_hal_rcc.c.obj
 .debug_line    0x00008099      0x9d2 cmake/stm32cubemx/CMakeFiles/STM32_Drivers.dir/__/__/Drivers/STM32F1xx_HAL_Driver/Src/stm32f1xx_hal_gpio.c.obj
 .debug_line    0x00008a6b      0xd05 cmake/stm32cubemx/CMakeFiles/STM32_Drivers.dir/__/__/Drivers/STM32F1xx_HAL_Driver/Src/stm32f1xx_hal_dma.c.obj
 .debug_line    0x00009770      0xa76 cmake/stm32cubemx/CMakeFiles/STM32_Drivers.dir/__/__/Drivers/STM32F1xx_HAL_Driver/Src/stm32f1xx_hal_cortex.c.obj
 .debug_line    0x0000a1e6     0x2489 cmake/stm32cubemx/CMakeFiles/STM32_Drivers.dir/__/__/Drivers/STM32F1xx_HAL_Driver/Src/stm32f1xx_hal_uart.c.obj
 .debug_line    0x0000c66f      0x56d CMakeFiles/project.dir/Core/Src/dma.c.obj
 .debug_line    0x0000cbdc      0x59a CMakeFiles/project.dir/Core/Src/gpio.c.obj
 .debug_line    0x0000d176      0x63c CMakeFiles/project.dir/Core/Src/main.c.obj
 .debug_line    0x0000d7b2      0x572 CMakeFiles/project.dir/Core/Src/stm32f1xx_hal_msp.c.obj
 .debug_line    0x0000dd24      0x6a9 CMakeFiles/project.dir/Core/Src/stm32f1xx_it.c.obj
 .debug_line    0x0000e3cd      0x5e9 CMakeFiles/project.dir/Core/Src/tim.c.obj
 .debug_line    0x0000e9b6      0x6ab CMakeFiles/project.dir/Core/Src/usart.c.obj
 .debug_line    0x0000f061      0x79a CMakeFiles/project.dir/forder/task.c.obj
 .debug_line    0x0000f7fb       0x78 CMakeFiles/project.dir/startup_stm32f103xb.s.obj

.debug_str      0x00000000    0x8a62b
 .debug_str     0x00000000    0x8a62b cmake/stm32cubemx/CMakeFiles/STM32_Drivers.dir/__/__/Core/Src/system_stm32f1xx.c.obj
                              0x837ad (size before relaxing)
 .debug_str     0x0008a62b    0x84bfe cmake/stm32cubemx/CMakeFiles/STM32_Drivers.dir/__/__/Drivers/STM32F1xx_HAL_Driver/Src/stm32f1xx_hal_tim.c.obj
 .debug_str     0x0008a62b    0x8440a cmake/stm32cubemx/CMakeFiles/STM32_Drivers.dir/__/__/Drivers/STM32F1xx_HAL_Driver/Src/stm32f1xx_hal_tim_ex.c.obj
 .debug_str     0x0008a62b    0x83f00 cmake/stm32cubemx/CMakeFiles/STM32_Drivers.dir/__/__/Drivers/STM32F1xx_HAL_Driver/Src/stm32f1xx_hal.c.obj
 .debug_str     0x0008a62b    0x83bea cmake/stm32cubemx/CMakeFiles/STM32_Drivers.dir/__/__/Drivers/STM32F1xx_HAL_Driver/Src/stm32f1xx_hal_rcc.c.obj
 .debug_str     0x0008a62b    0x83b53 cmake/stm32cubemx/CMakeFiles/STM32_Drivers.dir/__/__/Drivers/STM32F1xx_HAL_Driver/Src/stm32f1xx_hal_gpio.c.obj
 .debug_str     0x0008a62b    0x83b76 cmake/stm32cubemx/CMakeFiles/STM32_Drivers.dir/__/__/Drivers/STM32F1xx_HAL_Driver/Src/stm32f1xx_hal_dma.c.obj
 .debug_str     0x0008a62b    0x83e3a cmake/stm32cubemx/CMakeFiles/STM32_Drivers.dir/__/__/Drivers/STM32F1xx_HAL_Driver/Src/stm32f1xx_hal_cortex.c.obj
 .debug_str     0x0008a62b    0x8425b cmake/stm32cubemx/CMakeFiles/STM32_Drivers.dir/__/__/Drivers/STM32F1xx_HAL_Driver/Src/stm32f1xx_hal_uart.c.obj
 .debug_str     0x0008a62b    0x83a7d CMakeFiles/project.dir/Core/Src/dma.c.obj
 .debug_str     0x0008a62b    0x8381f CMakeFiles/project.dir/Core/Src/gpio.c.obj
 .debug_str     0x0008a62b    0x8397d CMakeFiles/project.dir/Core/Src/main.c.obj
 .debug_str     0x0008a62b    0x83aae CMakeFiles/project.dir/Core/Src/stm32f1xx_hal_msp.c.obj
 .debug_str     0x0008a62b    0x83f88 CMakeFiles/project.dir/Core/Src/stm32f1xx_it.c.obj
 .debug_str     0x0008a62b    0x840c8 CMakeFiles/project.dir/Core/Src/tim.c.obj
 .debug_str     0x0008a62b    0x83fd7 CMakeFiles/project.dir/Core/Src/usart.c.obj
 .debug_str     0x0008a62b    0x87aad CMakeFiles/project.dir/forder/task.c.obj
 .debug_str     0x0008a62b       0x5a CMakeFiles/project.dir/startup_stm32f103xb.s.obj

.debug_frame    0x00000000     0x3798
 .debug_frame   0x00000000       0x58 cmake/stm32cubemx/CMakeFiles/STM32_Drivers.dir/__/__/Core/Src/system_stm32f1xx.c.obj
 .debug_frame   0x00000058     0x11b0 cmake/stm32cubemx/CMakeFiles/STM32_Drivers.dir/__/__/Drivers/STM32F1xx_HAL_Driver/Src/stm32f1xx_hal_tim.c.obj
 .debug_frame   0x00001208      0x624 cmake/stm32cubemx/CMakeFiles/STM32_Drivers.dir/__/__/Drivers/STM32F1xx_HAL_Driver/Src/stm32f1xx_hal_tim_ex.c.obj
 .debug_frame   0x0000182c      0x334 cmake/stm32cubemx/CMakeFiles/STM32_Drivers.dir/__/__/Drivers/STM32F1xx_HAL_Driver/Src/stm32f1xx_hal.c.obj
 .debug_frame   0x00001b60      0x214 cmake/stm32cubemx/CMakeFiles/STM32_Drivers.dir/__/__/Drivers/STM32F1xx_HAL_Driver/Src/stm32f1xx_hal_rcc.c.obj
 .debug_frame   0x00001d74      0x138 cmake/stm32cubemx/CMakeFiles/STM32_Drivers.dir/__/__/Drivers/STM32F1xx_HAL_Driver/Src/stm32f1xx_hal_gpio.c.obj
 .debug_frame   0x00001eac      0x200 cmake/stm32cubemx/CMakeFiles/STM32_Drivers.dir/__/__/Drivers/STM32F1xx_HAL_Driver/Src/stm32f1xx_hal_dma.c.obj
 .debug_frame   0x000020ac      0x424 cmake/stm32cubemx/CMakeFiles/STM32_Drivers.dir/__/__/Drivers/STM32F1xx_HAL_Driver/Src/stm32f1xx_hal_cortex.c.obj
 .debug_frame   0x000024d0      0x938 cmake/stm32cubemx/CMakeFiles/STM32_Drivers.dir/__/__/Drivers/STM32F1xx_HAL_Driver/Src/stm32f1xx_hal_uart.c.obj
 .debug_frame   0x00002e08       0x34 CMakeFiles/project.dir/Core/Src/dma.c.obj
 .debug_frame   0x00002e3c       0x34 CMakeFiles/project.dir/Core/Src/gpio.c.obj
 .debug_frame   0x00002e70       0x90 CMakeFiles/project.dir/Core/Src/main.c.obj
 .debug_frame   0x00002f00       0x34 CMakeFiles/project.dir/Core/Src/stm32f1xx_hal_msp.c.obj
 .debug_frame   0x00002f34      0x1b0 CMakeFiles/project.dir/Core/Src/stm32f1xx_it.c.obj
 .debug_frame   0x000030e4       0x7c CMakeFiles/project.dir/Core/Src/tim.c.obj
 .debug_frame   0x00003160       0x90 CMakeFiles/project.dir/Core/Src/usart.c.obj
 .debug_frame   0x000031f0       0xd8 CMakeFiles/project.dir/forder/task.c.obj
 .debug_frame   0x000032c8       0x40 E:/tool/arm/arm-gnu-toolchain-14.3.rel1-mingw-w64-i686-arm-none-eabi/bin/../lib/gcc/arm-none-eabi/14.3.1/../../../../arm-none-eabi/lib/thumb/v7-m/nofp\libm.a(libm_a-s_sin.o)
 .debug_frame   0x00003308       0x4c E:/tool/arm/arm-gnu-toolchain-14.3.rel1-mingw-w64-i686-arm-none-eabi/bin/../lib/gcc/arm-none-eabi/14.3.1/../../../../arm-none-eabi/lib/thumb/v7-m/nofp\libm.a(libm_a-k_cos.o)
 .debug_frame   0x00003354       0x48 E:/tool/arm/arm-gnu-toolchain-14.3.rel1-mingw-w64-i686-arm-none-eabi/bin/../lib/gcc/arm-none-eabi/14.3.1/../../../../arm-none-eabi/lib/thumb/v7-m/nofp\libm.a(libm_a-k_sin.o)
 .debug_frame   0x0000339c       0x48 E:/tool/arm/arm-gnu-toolchain-14.3.rel1-mingw-w64-i686-arm-none-eabi/bin/../lib/gcc/arm-none-eabi/14.3.1/../../../../arm-none-eabi/lib/thumb/v7-m/nofp\libm.a(libm_a-e_rem_pio2.o)
 .debug_frame   0x000033e4       0x20 E:/tool/arm/arm-gnu-toolchain-14.3.rel1-mingw-w64-i686-arm-none-eabi/bin/../lib/gcc/arm-none-eabi/14.3.1/../../../../arm-none-eabi/lib/thumb/v7-m/nofp\libm.a(libm_a-s_fabs.o)
 .debug_frame   0x00003404       0x58 E:/tool/arm/arm-gnu-toolchain-14.3.rel1-mingw-w64-i686-arm-none-eabi/bin/../lib/gcc/arm-none-eabi/14.3.1/../../../../arm-none-eabi/lib/thumb/v7-m/nofp\libm.a(libm_a-k_rem_pio2.o)
 .debug_frame   0x0000345c       0x30 E:/tool/arm/arm-gnu-toolchain-14.3.rel1-mingw-w64-i686-arm-none-eabi/bin/../lib/gcc/arm-none-eabi/14.3.1/../../../../arm-none-eabi/lib/thumb/v7-m/nofp\libm.a(libm_a-s_scalbn.o)
 .debug_frame   0x0000348c       0x30 E:/tool/arm/arm-gnu-toolchain-14.3.rel1-mingw-w64-i686-arm-none-eabi/bin/../lib/gcc/arm-none-eabi/14.3.1/../../../../arm-none-eabi/lib/thumb/v7-m/nofp\libm.a(libm_a-s_floor.o)
 .debug_frame   0x000034bc       0x30 E:/tool/arm/arm-gnu-toolchain-14.3.rel1-mingw-w64-i686-arm-none-eabi/bin/../lib/gcc/arm-none-eabi/14.3.1/thumb/v7-m/nofp\libgcc.a(_arm_muldf3.o)
 .debug_frame   0x000034ec       0xac E:/tool/arm/arm-gnu-toolchain-14.3.rel1-mingw-w64-i686-arm-none-eabi/bin/../lib/gcc/arm-none-eabi/14.3.1/thumb/v7-m/nofp\libgcc.a(_arm_addsubdf3.o)
 .debug_frame   0x00003598       0xc4 E:/tool/arm/arm-gnu-toolchain-14.3.rel1-mingw-w64-i686-arm-none-eabi/bin/../lib/gcc/arm-none-eabi/14.3.1/thumb/v7-m/nofp\libgcc.a(_arm_cmpdf2.o)
 .debug_frame   0x0000365c       0x24 E:/tool/arm/arm-gnu-toolchain-14.3.rel1-mingw-w64-i686-arm-none-eabi/bin/../lib/gcc/arm-none-eabi/14.3.1/thumb/v7-m/nofp\libgcc.a(_arm_fixdfsi.o)
 .debug_frame   0x00003680       0x24 E:/tool/arm/arm-gnu-toolchain-14.3.rel1-mingw-w64-i686-arm-none-eabi/bin/../lib/gcc/arm-none-eabi/14.3.1/thumb/v7-m/nofp\libgcc.a(_arm_truncdfsf2.o)
 .debug_frame   0x000036a4       0x4c E:/tool/arm/arm-gnu-toolchain-14.3.rel1-mingw-w64-i686-arm-none-eabi/bin/../lib/gcc/arm-none-eabi/14.3.1/thumb/v7-m/nofp\libgcc.a(_arm_addsubsf3.o)
 .debug_frame   0x000036f0       0x38 E:/tool/arm/arm-gnu-toolchain-14.3.rel1-mingw-w64-i686-arm-none-eabi/bin/../lib/gcc/arm-none-eabi/14.3.1/thumb/v7-m/nofp\libgcc.a(_arm_muldivsf3.o)
 .debug_frame   0x00003728       0x24 E:/tool/arm/arm-gnu-toolchain-14.3.rel1-mingw-w64-i686-arm-none-eabi/bin/../lib/gcc/arm-none-eabi/14.3.1/thumb/v7-m/nofp\libgcc.a(_arm_fixsfsi.o)
 .debug_frame   0x0000374c       0x20 E:/tool/arm/arm-gnu-toolchain-14.3.rel1-mingw-w64-i686-arm-none-eabi/bin/../lib/gcc/arm-none-eabi/14.3.1/../../../../arm-none-eabi/lib/thumb/v7-m/nofp\libg_nano.a(libc_a-memset.o)
 .debug_frame   0x0000376c       0x2c E:/tool/arm/arm-gnu-toolchain-14.3.rel1-mingw-w64-i686-arm-none-eabi/bin/../lib/gcc/arm-none-eabi/14.3.1/../../../../arm-none-eabi/lib/thumb/v7-m/nofp\libg_nano.a(libc_a-init.o)

.debug_line_str
                0x00000000      0x115
 .debug_line_str
                0x00000000      0x115 CMakeFiles/project.dir/startup_stm32f103xb.s.obj
                                 0x3e (size before relaxing)
 .debug_line_str
                0x00000115       0xca E:/tool/arm/arm-gnu-toolchain-14.3.rel1-mingw-w64-i686-arm-none-eabi/bin/../lib/gcc/arm-none-eabi/14.3.1/thumb/v7-m/nofp\libgcc.a(_arm_muldf3.o)
 .debug_line_str
                0x00000115       0xca E:/tool/arm/arm-gnu-toolchain-14.3.rel1-mingw-w64-i686-arm-none-eabi/bin/../lib/gcc/arm-none-eabi/14.3.1/thumb/v7-m/nofp\libgcc.a(_arm_addsubdf3.o)
 .debug_line_str
                0x00000115       0xca E:/tool/arm/arm-gnu-toolchain-14.3.rel1-mingw-w64-i686-arm-none-eabi/bin/../lib/gcc/arm-none-eabi/14.3.1/thumb/v7-m/nofp\libgcc.a(_arm_cmpdf2.o)
 .debug_line_str
                0x00000115       0xca E:/tool/arm/arm-gnu-toolchain-14.3.rel1-mingw-w64-i686-arm-none-eabi/bin/../lib/gcc/arm-none-eabi/14.3.1/thumb/v7-m/nofp\libgcc.a(_arm_fixdfsi.o)
 .debug_line_str
                0x00000115       0xca E:/tool/arm/arm-gnu-toolchain-14.3.rel1-mingw-w64-i686-arm-none-eabi/bin/../lib/gcc/arm-none-eabi/14.3.1/thumb/v7-m/nofp\libgcc.a(_arm_truncdfsf2.o)
 .debug_line_str
                0x00000115       0xca E:/tool/arm/arm-gnu-toolchain-14.3.rel1-mingw-w64-i686-arm-none-eabi/bin/../lib/gcc/arm-none-eabi/14.3.1/thumb/v7-m/nofp\libgcc.a(_arm_addsubsf3.o)
 .debug_line_str
                0x00000115       0xca E:/tool/arm/arm-gnu-toolchain-14.3.rel1-mingw-w64-i686-arm-none-eabi/bin/../lib/gcc/arm-none-eabi/14.3.1/thumb/v7-m/nofp\libgcc.a(_arm_muldivsf3.o)
 .debug_line_str
                0x00000115       0xca E:/tool/arm/arm-gnu-toolchain-14.3.rel1-mingw-w64-i686-arm-none-eabi/bin/../lib/gcc/arm-none-eabi/14.3.1/thumb/v7-m/nofp\libgcc.a(_arm_fixsfsi.o)
